<html>
<body>
<pre>
<h1>µVision Build Log</h1>
<h2>Tool Versions:</h2>
IDE-Version: £gVision V5.25.3.0
Copyright (C) 2018 ARM Ltd and ARM Germany GmbH. All rights reserved.
License Information: c c, c, LIC=YA3TG-VVVT1-IGN7N-YV197-WRZ7L-JVXC4
 
Tool Versions:
Toolchain:       MDK-ARM Plus  Version: 5.26.2.0
Toolchain Path:  C:\Keil_v5\ARM\ARMCC\Bin
C Compiler:      Armcc.exe V5.06 update 6 (build 750)
Assembler:       Armasm.exe V5.06 update 6 (build 750)
Linker/Locator:  ArmLink.exe V5.06 update 6 (build 750)
Library Manager: ArmAr.exe V5.06 update 6 (build 750)
Hex Converter:   FromElf.exe V5.06 update 6 (build 750)
CPU DLL:         
Dialog DLL:      
Target DLL:      Segger\JL2CM3.dll V2.99.31.0
Dialog DLL:      TCM.DLL V1.36.1.0
 
<h2>Project:</h2>
C:\Users\asus\Desktop\H-176-v111\h176.uvprojx
Project File Date:  03/15/2019

<h2>Output:</h2>
*** Using Compiler 'V5.06 update 6 (build 750)', folder: 'C:\Keil_v5\ARM\ARMCC\Bin'
Rebuild target 'nrf52832_xxaa'
compiling device.c...
src\device.c(125): warning:  #177-D: variable "tch"  was declared but never referenced
  	uint8_t i,tch;
src\device.c(128): warning:  #177-D: variable "ret_code"  was declared but never referenced
  	uint8_t ret_code;
src\device.c(157): warning:  #177-D: variable "tch"  was declared but never referenced
  	uint8_t i,j,tch;
src\device.c(159): warning:  #177-D: variable "ret_code"  was declared but never referenced
  	uint8_t ret_code;
src\device.c(229): warning:  #177-D: variable "ret_code"  was declared but never referenced
  	uint8_t i,j,tch,ret_code;
src\device.c(308): warning:  #550-D: variable "err_code"  was set but never used
      uint32_t err_code;
src\device.c: 6 warnings, 0 errors
compiling main.c...
src\main.c(481): warning:  #177-D: variable "tdd"  was declared but never referenced
  	uint32_t tdd;
src\main.c(524): warning:  #550-D: variable "ret_code"  was set but never used
  	uint32_t ret_code;
src\main.c(656): warning:  #177-D: variable "accn"  was declared but never referenced
  	uint16_t accn;
src\main.c(657): warning:  #177-D: variable "t_count"  was declared but never referenced
  	uint32_t t_count;
src\main.c(1100): warning:  #177-D: variable "eff_size"  was declared but never referenced
  		uint8_t eff_size;
src\main.c(1376): warning:  #177-D: variable "err_code"  was declared but never referenced
      uint32_t       err_code;
src\main.c(1838): warning:  #177-D: variable "config1"  was declared but never referenced
  	nrf_drv_gpiote_out_config_t config1 = GPIOTE_CONFIG_OUT_SIMPLE(NRF_GPIOTE_INITIAL_VALUE_HIGH);
src\main.c(1904): warning:  #550-D: variable "ret_code"  was set but never used
  	uint8_t ret_code;
src\main.c(2101): warning:  #177-D: variable "err_code"  was declared but never referenced
      ret_code_t err_code;
src\main.c(2102): warning:  #177-D: variable "ret_code"  was declared but never referenced
  		uint32_t ret_code;
src\main.c(235): warning:  #177-D: variable "m_adv_uuids"  was declared but never referenced
  static ble_uuid_t m_adv_uuids[] = {{BLE_UUID_MTS_SERVICE, BLE_UUID_TYPE_BLE}};
src\main.c: 11 warnings, 0 errors
compiling mpu_sensor.c...
src\mpu_sensor.c(1398): warning:  #550-D: variable "ret_code"  was set but never used
      uint8_t tmp,ret_code;
src\mpu_sensor.c: 1 warning, 0 errors
compiling mpu_sensor_dmp.c...
compiling boards.c...
compiling ble_advdata.c...
compiling ble_advertising.c...
src\ble\ble_advertising.c(167): warning:  #177-D: variable "ret"  was declared but never referenced
      uint32_t ret;
src\ble\ble_advertising.c(73): warning:  #550-D: variable "m_current_slave_link_conn_handle"  was set but never used
  static uint16_t                        m_current_slave_link_conn_handle;            /**< Connection handle for the active link. */
src\ble\ble_advertising.c(142): warning:  #177-D: function "adv_mode_next_get"  was declared but never referenced
  static ble_adv_mode_t adv_mode_next_get(ble_adv_mode_t adv_mode)
src\ble\ble_advertising.c: 3 warnings, 0 errors
compiling ble_conn_params.c...
compiling ble_conn_state.c...
compiling ble_srv_common.c...
compiling nrf_ble_gatt.c...
compiling nrf_drv_clock.c...
compiling nrf_drv_common.c...
compiling nrf_drv_gpiote.c...
compiling nrf_drv_saadc.c...
compiling nrf_drv_spi.c...
compiling nrf_saadc.c...
compiling nrf_drv_wdt.c...
compiling nrf_drv_twi.c...
compiling bsp.c...
compiling nrf_drv_uart.c...
compiling bsp_btn_ble.c...
compiling app_button.c...
compiling app_error.c...
compiling app_error_weak.c...
compiling app_gpiote.c...
compiling app_twi.c...
compiling app_timer.c...
compiling hardfault_implementation.c...
compiling app_util_platform.c...
compiling nrf_assert.c...
compiling nrf_log_backend_serial.c...
compiling nrf_log_frontend.c...
compiling nrf_strerror.c...
compiling sdk_mapped_flags.c...
compiling app_uart_fifo.c...
compiling RTT_Syscalls_KEIL.c...
compiling app_fifo.c...
compiling SEGGER_RTT_printf.c...
compiling SEGGER_RTT.c...
compiling ble_bas.c...
compiling softdevice_handler.c...
compiling ble_tps.c...
compiling ble_mts.c...
src\ble_mts.c(116): warning:  #550-D: variable "ret_code"  was set but never used
  	uint8_t ret_code;
src\ble_mts.c(181): warning:  #177-D: variable "accn"  was declared but never referenced
  	uint16_t accn;
src\ble_mts.c(182): warning:  #177-D: variable "t_count"  was declared but never referenced
  	uint32_t t_count;
src\ble_mts.c(378): warning:  #177-D: variable "err_code"  was declared but never referenced
  				uint8_t err_code;
src\ble_mts.c(349): warning:  #550-D: variable "ret_code"  was set but never used
  	uint8_t ret_code;
src\ble_mts.c: 5 warnings, 0 errors
compiling ble_advs.c...
compiling ble_cds.c...
src\ble_cds.c(126): warning:  #177-D: variable "ret_code"  was declared but never referenced
  	uint8_t ret_code;
src\ble_cds.c: 1 warning, 0 errors
assembling arm_startup_nrf52.s...
compiling system_nrf52.c...
linking...
Program Size: Code=37616 RO-data=4396 RW-data=396 ZI-data=12140  
FromELF: creating hex file...
".\_build\Naxsen-6x.axf" - 0 Error(s), 27 Warning(s).

<h2>Software Packages used:</h2>

Package Vendor: ARM
                http://www.keil.com/pack/ARM.CMSIS.4.5.0.pack
                ARM.CMSIS.4.5.0
                CMSIS (Cortex Microcontroller Software Interface Standard)
   * Component: CORE Version: 4.3.0

Package Vendor: NordicSemiconductor
                http://developer.nordicsemi.com/nRF5_SDK/pieces/nRF_DeviceFamilyPack/NordicSemiconductor.nRF_DeviceFamilyPack.8.12.0.pack
                NordicSemiconductor.nRF_DeviceFamilyPack.8.12.0
                Nordic Semiconductor nRF ARM devices Device Family Pack.
   * Component: Startup Version: 8.12.0

<h2>Collection of Component include folders:</h2>
  .\RTE\_nrf52832_xxaa
  C:\Keil_v5\ARM\PACK\ARM\CMSIS\4.5.0\CMSIS\Include
  C:\Keil_v5\ARM\PACK\NordicSemiconductor\nRF_DeviceFamilyPack\8.12.0\Device\Include

<h2>Collection of Component Files used:</h2>

   * Component: ARM::CMSIS:CORE:4.3.0

   * Component: NordicSemiconductor::Device:Startup:8.12.0
      Source file:   Device\Source\arm\arm_startup_nrf52.s
      Include file:  Device\Include\system_nrf52.h
      Source file:   Device\Source\system_nrf52.c
Build Time Elapsed:  00:00:11
</pre>
</body>
</html>
