Component: ARM Compiler 5.06 update 6 (build 750) Tool: armlink [4d35ed]

==============================================================================

Section Cross References

    main.o(i.advertising_init) refers to memseta.o(.text) for __aeabi_memclr4
    main.o(i.advertising_init) refers to ble_advertising.o(i.ble_advertising_init) for ble_advertising_init
    main.o(i.advertising_init) refers to app_error.o(i.app_error_handler_bare) for app_error_handler_bare
    main.o(i.advertising_init) refers to main.o(.bss) for .bss
    main.o(i.advertising_init) refers to main.o(.data) for .data
    main.o(i.advertising_init) refers to main.o(i.on_adv_evt) for on_adv_evt
    main.o(i.advertising_start) refers to ble_advertising.o(i.ble_advertising_start) for ble_advertising_start
    main.o(i.advertising_start) refers to app_error.o(i.app_error_handler_bare) for app_error_handler_bare
    main.o(i.app_1ms_timeout_haldler) refers to main.o(.data) for .data
    main.o(i.app_1ms_timeout_haldler) refers to device.o(.data) for motion_sampling_time_cnt
    main.o(i.app_1ms_timeout_haldler) refers to main.o(.bss) for .bss
    main.o(i.app_1ms_timer_start) refers to app_timer.o(i.app_timer_start) for app_timer_start
    main.o(i.app_1ms_timer_start) refers to app_error.o(i.app_error_handler_bare) for app_error_handler_bare
    main.o(i.app_1ms_timer_start) refers to main.o(.constdata) for .constdata
    main.o(i.app_1ms_timer_stop) refers to app_timer.o(i.app_timer_stop) for app_timer_stop
    main.o(i.app_1ms_timer_stop) refers to app_error.o(i.app_error_handler_bare) for app_error_handler_bare
    main.o(i.app_1ms_timer_stop) refers to main.o(.constdata) for .constdata
    main.o(i.app_1s_timeout_haldler) refers to main.o(.bss) for .bss
    main.o(i.app_500ms_timeout_haldler) refers to main.o(i.nrf_gpio_pin_toggle) for nrf_gpio_pin_toggle
    main.o(i.app_500ms_timeout_haldler) refers to main.o(i.nrf_gpio_pin_clear) for nrf_gpio_pin_clear
    main.o(i.app_500ms_timeout_haldler) refers to main.o(.bss) for .bss
    main.o(i.app_500ms_timeout_haldler) refers to main.o(.data) for .data
    main.o(i.app_uart_send_data) refers to app_uart_fifo.o(i.app_uart_put) for app_uart_put
    main.o(i.app_uart_send_data) refers to app_error.o(i.app_error_handler_bare) for app_error_handler_bare
    main.o(i.app_uart_send_data) refers to ble_cds.o(.bss) for tx_buf
    main.o(i.application_timers_start) refers to app_timer.o(i.app_timer_start) for app_timer_start
    main.o(i.application_timers_start) refers to app_error.o(i.app_error_handler_bare) for app_error_handler_bare
    main.o(i.application_timers_start) refers to main.o(.constdata) for .constdata
    main.o(i.assert_nrf_callback) refers to app_error.o(i.app_error_handler) for app_error_handler
    main.o(i.battery_level_update) refers to segger_rtt_printf.o(i.SEGGER_RTT_printf) for SEGGER_RTT_printf
    main.o(i.battery_level_update) refers to ble_cds.o(i.ble_srv_bat_send) for ble_srv_bat_send
    main.o(i.battery_level_update) refers to bsp.o(i.bsp_indication_set) for bsp_indication_set
    main.o(i.battery_level_update) refers to ble_bas.o(i.ble_bas_battery_level_update) for ble_bas_battery_level_update
    main.o(i.battery_level_update) refers to main.o(.data) for .data
    main.o(i.battery_level_update) refers to main.o(.bss) for .bss
    main.o(i.battery_level_update) refers to ble_cds.o(.data) for cds_enabled
    main.o(i.ble_evt_dispatch) refers to ble_conn_state.o(i.ble_conn_state_on_ble_evt) for ble_conn_state_on_ble_evt
    main.o(i.ble_evt_dispatch) refers to ble_conn_params.o(i.ble_conn_params_on_ble_evt) for ble_conn_params_on_ble_evt
    main.o(i.ble_evt_dispatch) refers to bsp_btn_ble.o(i.bsp_btn_ble_on_ble_evt) for bsp_btn_ble_on_ble_evt
    main.o(i.ble_evt_dispatch) refers to main.o(i.on_ble_evt) for on_ble_evt
    main.o(i.ble_evt_dispatch) refers to ble_advertising.o(i.ble_advertising_on_ble_evt) for ble_advertising_on_ble_evt
    main.o(i.ble_evt_dispatch) refers to nrf_ble_gatt.o(i.nrf_ble_gatt_on_ble_evt) for nrf_ble_gatt_on_ble_evt
    main.o(i.ble_evt_dispatch) refers to ble_bas.o(i.ble_bas_on_ble_evt) for ble_bas_on_ble_evt
    main.o(i.ble_evt_dispatch) refers to ble_cds.o(i.ble_cds_on_ble_evt) for ble_cds_on_ble_evt
    main.o(i.ble_evt_dispatch) refers to ble_mts.o(i.ble_mts_on_ble_evt) for ble_mts_on_ble_evt
    main.o(i.ble_evt_dispatch) refers to ble_advs.o(i.ble_advs_on_ble_evt) for ble_advs_on_ble_evt
    main.o(i.ble_evt_dispatch) refers to ble_tps.o(i.ble_tps_on_ble_evt) for ble_tps_on_ble_evt
    main.o(i.ble_evt_dispatch) refers to main.o(.bss) for .bss
    main.o(i.ble_stack_init) refers to softdevice_handler.o(i.softdevice_handler_init) for softdevice_handler_init
    main.o(i.ble_stack_init) refers to app_error.o(i.app_error_handler_bare) for app_error_handler_bare
    main.o(i.ble_stack_init) refers to softdevice_handler.o(i.softdevice_app_ram_start_get) for softdevice_app_ram_start_get
[...]
    __Vectors_End                            0x0001f200   Data           0  arm_startup_nrf52.o(RESET)
    __main                                   0x0001f201   Thumb Code     0  entry.o(.ARM.Collect$$$$00000000)
    _main_stk                                0x0001f201   Thumb Code     0  entry2.o(.ARM.Collect$$$$00000001)
    _main_scatterload                        0x0001f205   Thumb Code     0  entry5.o(.ARM.Collect$$$$00000004)
    __main_after_scatterload                 0x0001f209   Thumb Code     0  entry5.o(.ARM.Collect$$$$00000004)
    _main_clock                              0x0001f209   Thumb Code     0  entry7b.o(.ARM.Collect$$$$00000008)
    _main_cpp_init                           0x0001f209   Thumb Code     0  entry8b.o(.ARM.Collect$$$$0000000A)
    _main_init                               0x0001f209   Thumb Code     0  entry9a.o(.ARM.Collect$$$$0000000B)
    __rt_final_cpp                           0x0001f211   Thumb Code     0  entry10a.o(.ARM.Collect$$$$0000000D)
    __rt_final_exit                          0x0001f211   Thumb Code     0  entry11a.o(.ARM.Collect$$$$0000000F)
    Reset_Handler                            0x0001f215   Thumb Code     8  arm_startup_nrf52.o(.text)
    NMI_Handler                              0x0001f21d   Thumb Code     2  arm_startup_nrf52.o(.text)
    HardFault_Handler                        0x0001f21f   Thumb Code     2  arm_startup_nrf52.o(.text)
    MemoryManagement_Handler                 0x0001f221   Thumb Code     2  arm_startup_nrf52.o(.text)
    BusFault_Handler                         0x0001f223   Thumb Code     2  arm_startup_nrf52.o(.text)
    UsageFault_Handler                       0x0001f225   Thumb Code     2  arm_startup_nrf52.o(.text)
    SVC_Handler                              0x0001f227   Thumb Code     2  arm_startup_nrf52.o(.text)
    DebugMon_Handler                         0x0001f229   Thumb Code     2  arm_startup_nrf52.o(.text)
    PendSV_Handler                           0x0001f22b   Thumb Code     2  arm_startup_nrf52.o(.text)
    SysTick_Handler                          0x0001f22d   Thumb Code     2  arm_startup_nrf52.o(.text)
    CCM_AAR_IRQHandler                       0x0001f22f   Thumb Code     0  arm_startup_nrf52.o(.text)
    COMP_LPCOMP_IRQHandler                   0x0001f22f   Thumb Code     0  arm_startup_nrf52.o(.text)
    ECB_IRQHandler                           0x0001f22f   Thumb Code     0  arm_startup_nrf52.o(.text)
    FPU_IRQHandler                           0x0001f22f   Thumb Code     0  arm_startup_nrf52.o(.text)
    I2S_IRQHandler                           0x0001f22f   Thumb Code     0  arm_startup_nrf52.o(.text)
    MWU_IRQHandler                           0x0001f22f   Thumb Code     0  arm_startup_nrf52.o(.text)
    NFCT_IRQHandler                          0x0001f22f   Thumb Code     0  arm_startup_nrf52.o(.text)
    PDM_IRQHandler                           0x0001f22f   Thumb Code     0  arm_startup_nrf52.o(.text)
    PWM0_IRQHandler                          0x0001f22f   Thumb Code     0  arm_startup_nrf52.o(.text)
    PWM1_IRQHandler                          0x0001f22f   Thumb Code     0  arm_startup_nrf52.o(.text)
    PWM2_IRQHandler                          0x0001f22f   Thumb Code     0  arm_startup_nrf52.o(.text)
    QDEC_IRQHandler                          0x0001f22f   Thumb Code     0  arm_startup_nrf52.o(.text)
    RADIO_IRQHandler                         0x0001f22f   Thumb Code     0  arm_startup_nrf52.o(.text)
    RNG_IRQHandler                           0x0001f22f   Thumb Code     0  arm_startup_nrf52.o(.text)
    RTC0_IRQHandler                          0x0001f22f   Thumb Code     0  arm_startup_nrf52.o(.text)
    RTC2_IRQHandler                          0x0001f22f   Thumb Code     0  arm_startup_nrf52.o(.text)
    SPIM2_SPIS2_SPI2_IRQHandler              0x0001f22f   Thumb Code     0  arm_startup_nrf52.o(.text)
    SWI1_EGU1_IRQHandler                     0x0001f22f   Thumb Code     0  arm_startup_nrf52.o(.text)
    SWI3_EGU3_IRQHandler                     0x0001f22f   Thumb Code     0  arm_startup_nrf52.o(.text)
    SWI4_EGU4_IRQHandler                     0x0001f22f   Thumb Code     0  arm_startup_nrf52.o(.text)
    SWI5_EGU5_IRQHandler                     0x0001f22f   Thumb Code     0  arm_startup_nrf52.o(.text)
    TEMP_IRQHandler                          0x0001f22f   Thumb Code     0  arm_startup_nrf52.o(.text)
    TIMER0_IRQHandler                        0x0001f22f   Thumb Code     0  arm_startup_nrf52.o(.text)
    TIMER1_IRQHandler                        0x0001f22f   Thumb Code     0  arm_startup_nrf52.o(.text)
    TIMER2_IRQHandler                        0x0001f22f   Thumb Code     0  arm_startup_nrf52.o(.text)
    TIMER3_IRQHandler                        0x0001f22f   Thumb Code     0  arm_startup_nrf52.o(.text)
    TIMER4_IRQHandler                        0x0001f22f   Thumb Code     0  arm_startup_nrf52.o(.text)
    __aeabi_uldivmod                         0x0001f239   Thumb Code    98  uldiv.o(.text)
    __aeabi_ldivmod                          0x0001f29b   Thumb Code    98  ldiv.o(.text)
    __aeabi_memcpy                           0x0001f2fd   Thumb Code    36  memcpya.o(.text)
    __aeabi_memcpy4                          0x0001f2fd   Thumb Code     0  memcpya.o(.text)
    __aeabi_memcpy8                          0x0001f2fd   Thumb Code     0  memcpya.o(.text)
    __aeabi_memset                           0x0001f321   Thumb Code    14  memseta.o(.text)
    __aeabi_memset4                          0x0001f321   Thumb Code     0  memseta.o(.text)
    __aeabi_memset8                          0x0001f321   Thumb Code     0  memseta.o(.text)
    __aeabi_memclr                           0x0001f32f   Thumb Code     4  memseta.o(.text)
    __aeabi_memclr4                          0x0001f32f   Thumb Code     0  memseta.o(.text)
    __aeabi_memclr8                          0x0001f32f   Thumb Code     0  memseta.o(.text)
    _memset$wrapper                          0x0001f333   Thumb Code    18  memseta.o(.text)
    strlen                                   0x0001f345   Thumb Code    14  strlen.o(.text)
    memcmp                                   0x0001f353   Thumb Code    26  memcmp.o(.text)
    strcpy                                   0x0001f36d   Thumb Code    18  strcpy.o(.text)
    __aeabi_dadd                             0x0001f37f   Thumb Code   322  dadd.o(.text)
    __aeabi_dsub                             0x0001f4c1   Thumb Code     6  dadd.o(.text)
    __aeabi_drsub                            0x0001f4c7   Thumb Code     6  dadd.o(.text)
    __aeabi_dmul                             0x0001f4cd   Thumb Code   228  dmul.o(.text)
    __aeabi_ui2d                             0x0001f5b1   Thumb Code    26  dfltui.o(.text)
    __aeabi_d2uiz                            0x0001f5cb   Thumb Code    50  dfixui.o(.text)
    __aeabi_cdcmpeq                          0x0001f5fd   Thumb Code     0  cdcmple.o(.text)
    __aeabi_cdcmple                          0x0001f5fd   Thumb Code    48  cdcmple.o(.text)
    __aeabi_llsl                             0x0001f62d   Thumb Code    30  llshl.o(.text)
    _ll_shift_l                              0x0001f62d   Thumb Code     0  llshl.o(.text)
    __aeabi_llsr                             0x0001f64b   Thumb Code    32  llushr.o(.text)
    _ll_ushift_r                             0x0001f64b   Thumb Code     0  llushr.o(.text)
    __aeabi_lasr                             0x0001f66b   Thumb Code    36  llsshr.o(.text)
    _ll_sshift_r                             0x0001f66b   Thumb Code     0  llsshr.o(.text)
    __I$use$fp                               0x0001f68f   Thumb Code     0  iusefp.o(.text)
    _double_round                            0x0001f68f   Thumb Code    30  depilogue.o(.text)
    _double_epilogue                         0x0001f6ad   Thumb Code   156  depilogue.o(.text)
    _dsqrt                                   0x0001f749   Thumb Code   162  dsqrt.o(.text)
    __scatterload                            0x0001f7ed   Thumb Code    28  init.o(.text)
    __scatterload_rt2                        0x0001f7ed   Thumb Code     0  init.o(.text)
    __decompress                             0x0001f811   Thumb Code     0  __dczerorl2.o(.text)
    __decompress1                            0x0001f811   Thumb Code    86  __dczerorl2.o(.text)
    GPIOTE_IRQHandler                        0x0001f869   Thumb Code   362  nrf_drv_gpiote.o(i.GPIOTE_IRQHandler)
    POWER_CLOCK_IRQHandler                   0x0001fa91   Thumb Code    84  nrf_drv_clock.o(i.POWER_CLOCK_IRQHandler)
    RTC1_IRQHandler                          0x0001fae9   Thumb Code    32  app_timer.o(i.RTC1_IRQHandler)
    SAADC_IRQHandler                         0x0001fb0d   Thumb Code   320  nrf_drv_saadc.o(i.SAADC_IRQHandler)
    SEGGER_RTT_Write                         0x0001fc55   Thumb Code    50  segger_rtt.o(i.SEGGER_RTT_Write)
    SEGGER_RTT_WriteNoLock                   0x0001fc8d   Thumb Code    86  segger_rtt.o(i.SEGGER_RTT_WriteNoLock)
    SEGGER_RTT_WriteString                   0x0001fce9   Thumb Code    26  segger_rtt.o(i.SEGGER_RTT_WriteString)
    SEGGER_RTT_printf                        0x0001fd03   Thumb Code    22  segger_rtt_printf.o(i.SEGGER_RTT_printf)
    SEGGER_RTT_vprintf                       0x0001fd19   Thumb Code   406  segger_rtt_printf.o(i.SEGGER_RTT_vprintf)
    SPIM0_SPIS0_TWIM0_TWIS0_SPI0_TWI0_IRQHandler 0x0001feb1   Thumb Code     8  nrf_drv_twi.o(i.SPIM0_SPIS0_TWIM0_TWIS0_SPI0_TWI0_IRQHandler)
    SPIM1_SPIS1_TWIM1_TWIS1_SPI1_TWI1_IRQHandler 0x0001fec1   Thumb Code    68  nrf_drv_spi.o(i.SPIM1_SPIS1_TWIM1_TWIS1_SPI1_TWI1_IRQHandler)
    SWI0_EGU0_IRQHandler                     0x0001ff09   Thumb Code     4  app_timer.o(i.SWI0_EGU0_IRQHandler)
    SWI2_EGU2_IRQHandler                     0x0001ff0d   Thumb Code    32  softdevice_handler.o(i.SWI2_EGU2_IRQHandler)
    SystemInit                               0x0001ff31   Thumb Code   750  system_nrf52.o(i.SystemInit)
    UARTE0_UART0_IRQHandler                  0x00020261   Thumb Code    20  nrf_drv_uart.o(i.UARTE0_UART0_IRQHandler)
    WDT_IRQHandler                           0x0002027d   Thumb Code    38  nrf_drv_wdt.o(i.WDT_IRQHandler)
    __hardfp_sqrt                            0x000205a7   Thumb Code   122  sqrt.o(i.__hardfp_sqrt)
    __scatterload_copy                       0x00020621   Thumb Code    14  handlers.o(i.__scatterload_copy)
    __scatterload_null                       0x0002062f   Thumb Code     2  handlers.o(i.__scatterload_null)
    __scatterload_zeroinit                   0x00020631   Thumb Code    14  handlers.o(i.__scatterload_zeroinit)
    __set_errno                              0x00020665   Thumb Code     6  errno.o(i.__set_errno)
    adv_data_encode                          0x00020821   Thumb Code   386  ble_advdata.o(i.adv_data_encode)
    app_1ms_timer_start                      0x00020bd5   Thumb Code    28  main.o(i.app_1ms_timer_start)
    app_1ms_timer_stop                       0x00020bf5   Thumb Code    24  main.o(i.app_1ms_timer_stop)
    app_button_disable                       0x00020c5d   Thumb Code    38  app_button.o(i.app_button_disable)
    app_button_enable                        0x00020c8d   Thumb Code    32  app_button.o(i.app_button_enable)
    app_button_init                          0x00020cb1   Thumb Code    96  app_button.o(i.app_button_init)
    app_error_fault_handler                  0x00020d21   Thumb Code    26  app_error_weak.o(i.app_error_fault_handler)
    app_error_handler_bare                   0x00020d45   Thumb Code    22  app_error.o(i.app_error_handler_bare)
    app_fifo_get                             0x00020d5b   Thumb Code    22  app_fifo.o(i.app_fifo_get)
    app_fifo_init                            0x00020d71   Thumb Code    32  app_fifo.o(i.app_fifo_init)
    app_fifo_put                             0x00020d91   Thumb Code    26  app_fifo.o(i.app_fifo_put)
    app_timer_create                         0x00020dad   Thumb Code    36  app_timer.o(i.app_timer_create)
    app_timer_init                           0x00020dd5   Thumb Code    70  app_timer.o(i.app_timer_init)
    app_timer_start                          0x00020e29   Thumb Code   128  app_timer.o(i.app_timer_start)
    app_timer_stop                           0x00020eb1   Thumb Code    26  app_timer.o(i.app_timer_stop)
    app_uart_get                             0x00020ed1   Thumb Code    42  app_uart_fifo.o(i.app_uart_get)
    app_uart_init                            0x00020f05   Thumb Code   164  app_uart_fifo.o(i.app_uart_init)
    app_uart_put                             0x00020fb9   Thumb Code    52  app_uart_fifo.o(i.app_uart_put)
    app_uart_send_data                       0x00020ff5   Thumb Code    36  main.o(i.app_uart_send_data)
    app_util_critical_region_enter           0x0002101d   Thumb Code    64  app_util_platform.o(i.app_util_critical_region_enter)
    app_util_critical_region_exit            0x00021065   Thumb Code    46  app_util_platform.o(i.app_util_critical_region_exit)
    application_timers_start                 0x00021099   Thumb Code    30  main.o(i.application_timers_start)
    ble_advdata_set                          0x00021451   Thumb Code   104  ble_advdata.o(i.ble_advdata_set)
    ble_advertising_init                     0x000214b9   Thumb Code   280  ble_advertising.o(i.ble_advertising_init)
    ble_advertising_on_ble_evt               0x000215d9   Thumb Code    34  ble_advertising.o(i.ble_advertising_on_ble_evt)
    ble_advertising_start                    0x00021601   Thumb Code   236  ble_advertising.o(i.ble_advertising_start)
    ble_advs_init                            0x000216f5   Thumb Code    64  ble_advs.o(i.ble_advs_init)
    ble_advs_on_ble_evt                      0x00021735   Thumb Code    46  ble_advs.o(i.ble_advs_on_ble_evt)
    ble_bas_battery_level_update             0x00021763   Thumb Code   122  ble_bas.o(i.ble_bas_battery_level_update)
    ble_bas_init                             0x000217dd   Thumb Code    68  ble_bas.o(i.ble_bas_init)
    ble_bas_on_ble_evt                       0x00021821   Thumb Code    96  ble_bas.o(i.ble_bas_on_ble_evt)
    ble_cds_init                             0x00021881   Thumb Code    64  ble_cds.o(i.ble_cds_init)
    ble_cds_on_ble_evt                       0x000218c1   Thumb Code    68  ble_cds.o(i.ble_cds_on_ble_evt)
    ble_conn_params_init                     0x0002190d   Thumb Code    72  ble_conn_params.o(i.ble_conn_params_init)
    ble_conn_params_on_ble_evt               0x00021965   Thumb Code   120  ble_conn_params.o(i.ble_conn_params_on_ble_evt)
    ble_conn_state_on_ble_evt                0x000219e9   Thumb Code   262  ble_conn_state.o(i.ble_conn_state_on_ble_evt)
    ble_mts_init                             0x00021bb9   Thumb Code    66  ble_mts.o(i.ble_mts_init)
    ble_mts_on_ble_evt                       0x00021c01   Thumb Code   150  ble_mts.o(i.ble_mts_on_ble_evt)
    ble_srv_bat_send                         0x00021ca1   Thumb Code   104  ble_cds.o(i.ble_srv_bat_send)
    ble_srv_is_notification_enabled          0x00021d25   Thumb Code     8  ble_srv_common.o(i.ble_srv_is_notification_enabled)
    ble_srv_motion_measurement_send          0x00021e15   Thumb Code    94  ble_mts.o(i.ble_srv_motion_measurement_send)
    ble_srv_report_ref_encode                0x00021e79   Thumb Code    12  ble_srv_common.o(i.ble_srv_report_ref_encode)
    ble_tps_init                             0x00021f31   Thumb Code    42  ble_tps.o(i.ble_tps_init)
    ble_tps_on_ble_evt                       0x00021f5d   Thumb Code   110  ble_tps.o(i.ble_tps_on_ble_evt)
    ble_tps_tx_power_level_set               0x00021fd5   Thumb Code    42  ble_tps.o(i.ble_tps_tx_power_level_set)
    bsp_board_led_off                        0x00022085   Thumb Code    10  boards.o(i.bsp_board_led_off)
    bsp_board_led_on                         0x00022095   Thumb Code    10  boards.o(i.bsp_board_led_on)
    bsp_board_leds_init                      0x000220a5   Thumb Code    38  boards.o(i.bsp_board_leds_init)
    bsp_board_leds_off                       0x000220d1   Thumb Code    18  boards.o(i.bsp_board_leds_off)
    bsp_board_pin_to_button_idx              0x000220e5   Thumb Code    30  boards.o(i.bsp_board_pin_to_button_idx)
    bsp_btn_ble_init                         0x00022109   Thumb Code    54  bsp_btn_ble.o(i.bsp_btn_ble_init)
    bsp_btn_ble_on_ble_evt                   0x0002213f   Thumb Code     2  bsp_btn_ble.o(i.bsp_btn_ble_on_ble_evt)
    bsp_buttons_enable                       0x000221ed   Thumb Code     4  bsp.o(i.bsp_buttons_enable)
    bsp_event_to_button_action_assign        0x0002220d   Thumb Code    64  bsp.o(i.bsp_event_to_button_action_assign)
    bsp_indication_set                       0x00022251   Thumb Code   142  bsp.o(i.bsp_indication_set)
    bsp_init                                 0x000222ed   Thumb Code    82  bsp.o(i.bsp_init)
    cal_count                                0x00022501   Thumb Code   328  main.o(i.cal_count)
    cvt_to_uint                              0x00022981   Thumb Code    42  ble_cds.o(i.cvt_to_uint)
    disable_ble                              0x00022a19   Thumb Code    96  main.o(i.disable_ble)
    init_fstorage                            0x000230e1   Thumb Code    42  main.o(i.init_fstorage)
    intern_softdevice_events_execute         0x00023111   Thumb Code   114  softdevice_handler.o(i.intern_softdevice_events_execute)
    main                                     0x00023411   Thumb Code   250  main.o(i.main)
    mpu_int_disable                          0x000237bd   Thumb Code     8  ble_mts.o(i.mpu_int_disable)
    mpu_int_enable                           0x000237c5   Thumb Code     8  ble_mts.o(i.mpu_int_enable)
    mpu_run_20689_self_test                  0x000237d9   Thumb Code   186  mpu_sensor.o(i.mpu_run_20689_self_test)
    mpu_sensor_configure_fifo                0x000238c1   Thumb Code    68  mpu_sensor.o(i.mpu_sensor_configure_fifo)
    mpu_sensor_dmp_enable_6x_lp_quat         0x00023909   Thumb Code    58  mpu_sensor_dmp.o(i.mpu_sensor_dmp_enable_6x_lp_quat)
    mpu_sensor_dmp_enable_feature            0x00023945   Thumb Code   452  mpu_sensor_dmp.o(i.mpu_sensor_dmp_enable_feature)
    mpu_sensor_dmp_enable_gyro_cal           0x00023b1d   Thumb Code    34  mpu_sensor_dmp.o(i.mpu_sensor_dmp_enable_gyro_cal)
    mpu_sensor_dmp_enable_lp_quat            0x00023b59   Thumb Code    58  mpu_sensor_dmp.o(i.mpu_sensor_dmp_enable_lp_quat)
    mpu_sensor_dmp_load_firmware             0x00023b95   Thumb Code    16  mpu_sensor_dmp.o(i.mpu_sensor_dmp_load_firmware)
    mpu_sensor_dmp_set_fifo_rate             0x00023ba9   Thumb Code   110  mpu_sensor_dmp.o(i.mpu_sensor_dmp_set_fifo_rate)
    mpu_sensor_fast_accel_init               0x00023c4d   Thumb Code   126  mpu_sensor.o(i.mpu_sensor_fast_accel_init)
    mpu_sensor_get_accel_reg                 0x00023cd1   Thumb Code    46  mpu_sensor.o(i.mpu_sensor_get_accel_reg)
    mpu_sensor_get_gyro_reg                  0x00023d21   Thumb Code    40  mpu_sensor.o(i.mpu_sensor_get_gyro_reg)
    mpu_sensor_init                          0x00023d4d   Thumb Code   244  mpu_sensor.o(i.mpu_sensor_init)
    mpu_sensor_load_firmware                 0x00023e69   Thumb Code   142  mpu_sensor.o(i.mpu_sensor_load_firmware)
    mpu_sensor_read_fifo_stream              0x00023efd   Thumb Code   140  mpu_sensor.o(i.mpu_sensor_read_fifo_stream)
    mpu_sensor_read_mem                      0x00023f8d   Thumb Code    66  mpu_sensor.o(i.mpu_sensor_read_mem)
    mpu_sensor_reset_fifo                    0x00023fd5   Thumb Code   342  mpu_sensor.o(i.mpu_sensor_reset_fifo)
    mpu_sensor_set_accel_fsr                 0x00024131   Thumb Code    74  mpu_sensor.o(i.mpu_sensor_set_accel_fsr)
    mpu_sensor_set_bypass                    0x00024181   Thumb Code   194  mpu_sensor.o(i.mpu_sensor_set_bypass)
    mpu_sensor_set_dmp_state                 0x00024249   Thumb Code   100  mpu_sensor.o(i.mpu_sensor_set_dmp_state)
    mpu_sensor_set_gyro_fsr                  0x000242b5   Thumb Code    74  mpu_sensor.o(i.mpu_sensor_set_gyro_fsr)
    mpu_sensor_set_int_latched               0x00024305   Thumb Code    62  mpu_sensor.o(i.mpu_sensor_set_int_latched)
    mpu_sensor_set_lp_accel_mode             0x00024349   Thumb Code   172  mpu_sensor.o(i.mpu_sensor_set_lp_accel_mode)
    mpu_sensor_set_lpf                       0x000243f9   Thumb Code    82  mpu_sensor.o(i.mpu_sensor_set_lpf)
    mpu_sensor_set_memory_address            0x00024451   Thumb Code    26  mpu_sensor.o(i.mpu_sensor_set_memory_address)
    mpu_sensor_set_memory_bank               0x00024471   Thumb Code    26  mpu_sensor.o(i.mpu_sensor_set_memory_bank)
    mpu_sensor_set_sample_rate               0x00024491   Thumb Code    88  mpu_sensor.o(i.mpu_sensor_set_sample_rate)
    mpu_sensor_set_sensors                   0x000244ed   Thumb Code    64  mpu_sensor.o(i.mpu_sensor_set_sensors)
    mpu_sensor_set_sleep_mode                0x00024531   Thumb Code    62  mpu_sensor.o(i.mpu_sensor_set_sleep_mode)
    mpu_sensor_write_mem                     0x00024579   Thumb Code   104  mpu_sensor.o(i.mpu_sensor_write_mem)
    nrf_ble_gatt_att_mtu_periph_set          0x00024695   Thumb Code    24  nrf_ble_gatt.o(i.nrf_ble_gatt_att_mtu_periph_set)
    nrf_ble_gatt_data_length_set             0x000246ad   Thumb Code    68  nrf_ble_gatt.o(i.nrf_ble_gatt_data_length_set)
    nrf_ble_gatt_init                        0x000246f1   Thumb Code    44  nrf_ble_gatt.o(i.nrf_ble_gatt_init)
    nrf_ble_gatt_on_ble_evt                  0x0002471d   Thumb Code   354  nrf_ble_gatt.o(i.nrf_ble_gatt_on_ble_evt)
    nrf_drv_clock_init                       0x00024c09   Thumb Code    64  nrf_drv_clock.o(i.nrf_drv_clock_init)
    nrf_drv_clock_lfclk_request              0x00024c51   Thumb Code    96  nrf_drv_clock.o(i.nrf_drv_clock_lfclk_request)
    nrf_drv_clock_on_sd_enable               0x00024cb9   Thumb Code    44  nrf_drv_clock.o(i.nrf_drv_clock_on_sd_enable)
    nrf_drv_clock_on_soc_event               0x00024ce9   Thumb Code    10  nrf_drv_clock.o(i.nrf_drv_clock_on_soc_event)
    nrf_drv_common_irq_enable                0x00024cf3   Thumb Code    56  nrf_drv_common.o(i.nrf_drv_common_irq_enable)
    nrf_drv_gpiote_in_event_disable          0x00024d31   Thumb Code    66  nrf_drv_gpiote.o(i.nrf_drv_gpiote_in_event_disable)
    nrf_drv_gpiote_in_event_enable           0x00024d79   Thumb Code   156  nrf_drv_gpiote.o(i.nrf_drv_gpiote_in_event_enable)
    nrf_drv_gpiote_in_init                   0x00024e1d   Thumb Code   172  nrf_drv_gpiote.o(i.nrf_drv_gpiote_in_init)
    nrf_drv_gpiote_in_is_set                 0x00024ed5   Thumb Code    20  nrf_drv_gpiote.o(i.nrf_drv_gpiote_in_is_set)
    nrf_drv_gpiote_init                      0x00024ee9   Thumb Code    84  nrf_drv_gpiote.o(i.nrf_drv_gpiote_init)
    nrf_drv_gpiote_is_init                   0x00024f45   Thumb Code    14  nrf_drv_gpiote.o(i.nrf_drv_gpiote_is_init)
    nrf_drv_gpiote_out_init                  0x00024f59   Thumb Code   170  nrf_drv_gpiote.o(i.nrf_drv_gpiote_out_init)
    nrf_drv_saadc_buffer_convert             0x00025021   Thumb Code   154  nrf_drv_saadc.o(i.nrf_drv_saadc_buffer_convert)
    nrf_drv_saadc_channel_init               0x000250c5   Thumb Code    88  nrf_drv_saadc.o(i.nrf_drv_saadc_channel_init)
    nrf_drv_saadc_init                       0x00025125   Thumb Code   124  nrf_drv_saadc.o(i.nrf_drv_saadc_init)
    nrf_drv_saadc_sample                     0x000251b1   Thumb Code    34  nrf_drv_saadc.o(i.nrf_drv_saadc_sample)
    nrf_drv_saadc_sample_convert             0x000251dd   Thumb Code   182  nrf_drv_saadc.o(i.nrf_drv_saadc_sample_convert)
    nrf_drv_twi_enable                       0x0002529d   Thumb Code    28  nrf_drv_twi.o(i.nrf_drv_twi_enable)
    nrf_drv_twi_init                         0x000252bd   Thumb Code   134  nrf_drv_twi.o(i.nrf_drv_twi_init)
    nrf_drv_twi_rx                           0x00025349   Thumb Code    32  nrf_drv_twi.o(i.nrf_drv_twi_rx)
    nrf_drv_twi_tx                           0x0002536d   Thumb Code    36  nrf_drv_twi.o(i.nrf_drv_twi_tx)
    nrf_drv_twi_xfer                         0x00025391   Thumb Code    40  nrf_drv_twi.o(i.nrf_drv_twi_xfer)
    nrf_drv_uart_init                        0x000253bd   Thumb Code    98  nrf_drv_uart.o(i.nrf_drv_uart_init)
    nrf_drv_uart_rx                          0x00025425   Thumb Code   170  nrf_drv_uart.o(i.nrf_drv_uart_rx)
    nrf_drv_uart_rx_enable                   0x000254d5   Thumb Code    42  nrf_drv_uart.o(i.nrf_drv_uart_rx_enable)
    nrf_drv_uart_tx                          0x0002565d   Thumb Code   262  nrf_drv_uart.o(i.nrf_drv_uart_tx)
    nrf_drv_uart_tx_in_progress              0x00025769   Thumb Code    18  nrf_drv_uart.o(i.nrf_drv_uart_tx_in_progress)
    nrf_drv_wdt_channel_feed                 0x00025781   Thumb Code    14  nrf_drv_wdt.o(i.nrf_drv_wdt_channel_feed)
    nrf_saadc_channel_init                   0x00025929   Thumb Code   100  nrf_saadc.o(i.nrf_saadc_channel_init)
    process_1ms_int                          0x00026519   Thumb Code    98  main.o(i.process_1ms_int)
    process_1s_int                           0x00026589   Thumb Code   422  main.o(i.process_1s_int)
    process_bsp_event                        0x00026781   Thumb Code   390  main.o(i.process_bsp_event)
    process_mpu_int                          0x000269b1   Thumb Code   106  main.o(i.process_mpu_int)
    read_device_name                         0x00026a35   Thumb Code   102  device.o(i.read_device_name)
    read_system_data                         0x00026aad   Thumb Code   384  device.o(i.read_system_data)
    saadc_callback                           0x00026d4f   Thumb Code    14  main.o(i.saadc_callback)
    saadc_init                               0x00026d5d   Thumb Code   106  main.o(i.saadc_init)
    save_count_data                          0x00026dd9   Thumb Code    58  device.o(i.save_count_data)
    save_system_data                         0x00026e29   Thumb Code   252  device.o(i.save_system_data)
    sdk_mapped_flags_bulk_update_by_key      0x00026fe9   Thumb Code    68  sdk_mapped_flags.o(i.sdk_mapped_flags_bulk_update_by_key)
    sdk_mapped_flags_first_key_index_get     0x0002702d   Thumb Code    34  sdk_mapped_flags.o(i.sdk_mapped_flags_first_key_index_get)
    sdk_mapped_flags_key_list_get            0x0002705f   Thumb Code    74  sdk_mapped_flags.o(i.sdk_mapped_flags_key_list_get)
    sdk_mapped_flags_update_by_key           0x000270a9   Thumb Code    14  sdk_mapped_flags.o(i.sdk_mapped_flags_update_by_key)
    sensor_init                              0x000270b9   Thumb Code    20  device.o(i.sensor_init)
    set_default_dev_name                     0x000272f1   Thumb Code    48  device.o(i.set_default_dev_name)
    set_default_system_val                   0x00027329   Thumb Code    92  device.o(i.set_default_system_val)
    set_int_enable                           0x000273c1   Thumb Code    80  mpu_sensor.o(i.set_int_enable)
    set_sampling_rate                        0x00027415   Thumb Code    96  ble_mts.o(i.set_sampling_rate)
    show_bat_level                           0x0002747d   Thumb Code    54  main.o(i.show_bat_level)
    softdevice_app_ram_start_get             0x000274b9   Thumb Code    14  softdevice_handler.o(i.softdevice_app_ram_start_get)
    softdevice_ble_evt_handler_set           0x000274cd   Thumb Code    14  softdevice_handler.o(i.softdevice_ble_evt_handler_set)
    softdevice_enable                        0x000274e1   Thumb Code    12  softdevice_handler.o(i.softdevice_enable)
    softdevice_fault_handler                 0x000274ed   Thumb Code     4  softdevice_handler.o(i.softdevice_fault_handler)
    softdevice_handler_init                  0x000274f1   Thumb Code    92  softdevice_handler.o(i.softdevice_handler_init)
    softdevice_handler_is_enabled            0x00027555   Thumb Code     6  softdevice_handler.o(i.softdevice_handler_is_enabled)
    start_sensor                             0x00027561   Thumb Code    64  mpu_sensor.o(i.start_sensor)
    twi_config                               0x000278ad   Thumb Code    34  device.o(i.twi_config)
    twi_read_byte                            0x000278f5   Thumb Code    46  mpu_sensor.o(i.twi_read_byte)
    twi_read_bytes                           0x00027931   Thumb Code    48  mpu_sensor.o(i.twi_read_bytes)
    twi_write_byte                           0x00027c35   Thumb Code    30  mpu_sensor.o(i.twi_write_byte)
    twi_write_bytes                          0x00027c5d   Thumb Code    48  mpu_sensor.o(i.twi_write_bytes)
    uart_event_handle                        0x00027de1   Thumb Code  1490  main.o(i.uart_event_handle)
    reg                                      0x00028a48   Data          32  mpu_sensor.o(.constdata)
    hw                                       0x00028a68   Data          12  mpu_sensor.o(.constdata)
    tx_power_tbl                             0x000296f0   Data           7  ble_tps.o(.constdata)
    Region$$Table$$Base                      0x000296f8   Number         0  anon$$obj.o(Region$$Table)
    Region$$Table$$Limit                     0x00029718   Number         0  anon$$obj.o(Region$$Table)
    Image$$RW_IRAM1$$Base                    0x20002630   Number         0  anon$$obj.o ABSOLUTE
    tx_len                                   0x20002630   Data           1  main.o(.data)
    rx_len                                   0x20002631   Data           1  main.o(.data)
    device_name_len                          0x20002632   Data           1  main.o(.data)
    chrg_state                               0x20002633   Data           1  main.o(.data)
    over_threshold                           0x20002634   Data           1  main.o(.data)
    blink_led_color                          0x20002635   Data           1  main.o(.data)
    test_result                              0x20002636   Data           1  main.o(.data)
    init_count                               0x20002637   Data           1  main.o(.data)
    m_channel_id                             0x20002638   Data           1  main.o(.data)
    test_bat_cnt                             0x20002639   Data           1  main.o(.data)
    test_bat_f                               0x2000263a   Data           1  main.o(.data)
    bsp_event                                0x2000263b   Data           1  main.o(.data)
    battery_level                            0x2000263c   Data           1  main.o(.data)
    max_bat_val                              0x2000263e   Data           2  main.o(.data)
    cur_bat_val                              0x20002640   Data           2  main.o(.data)
    prev_bat_val                             0x20002642   Data           2  main.o(.data)
    max_chrg_cnt                             0x20002644   Data           2  main.o(.data)
    max_chrg_val                             0x20002646   Data           2  main.o(.data)
    cur_chrg_cnt                             0x20002648   Data           2  main.o(.data)
    cur_chrg_val                             0x2000264a   Data           2  main.o(.data)
    m_conn_handle                            0x2000264c   Data           2  main.o(.data)
    cur_count                                0x2000264e   Data           2  main.o(.data)
    total_count                              0x20002650   Data           2  main.o(.data)
    beacon_interval                          0x20002652   Data           2  main.o(.data)
    beacon_period                            0x20002654   Data           2  main.o(.data)
    new_bat_chrg_max_value                   0x20002656   Data           2  main.o(.data)
    bat_full_cnt                             0x20002658   Data           2  main.o(.data)
    t_time_cnt                               0x2000265a   Data           2  main.o(.data)
    accel_fsr_tbl                            0x2000265c   Data           4  main.o(.data)
    start_page_no                            0x20002660   Data           4  main.o(.data)
    p_start_addr                             0x20002664   Data           4  main.o(.data)
    p_end_addr                               0x20002668   Data           4  main.o(.data)
    m_buffer_pool                            0x2000266c   Data           8  main.o(.data)
    device_name                              0x20002674   Data          13  main.o(.data)
    beacon_major                             0x20002682   Data           2  main.o(.data)
    beacon_minor                             0x20002684   Data           2  main.o(.data)
    motion_sampling_time_cnt                 0x20002686   Data           2  device.o(.data)
    reg_rate_div                             0x20002688   Data           1  mpu_sensor.o(.data)
    reg_lpf                                  0x20002689   Data           1  mpu_sensor.o(.data)
    reg_gyro_fsr                             0x2000268a   Data           1  mpu_sensor.o(.data)
    reg_accel_fsr                            0x2000268b   Data           1  mpu_sensor.o(.data)
    packet_thresh                            0x2000268c   Data           1  mpu_sensor.o(.data)
    twi_ret_code                             0x20002690   Data           4  mpu_sensor.o(.data)
    gyro_sens                                0x20002694   Data           4  mpu_sensor.o(.data)
    accel_sens                               0x20002698   Data           4  mpu_sensor.o(.data)
    min_dps                                  0x2000269c   Data           4  mpu_sensor.o(.data)
    max_dps                                  0x200026a0   Data           4  mpu_sensor.o(.data)
    max_gyro_var                             0x200026a4   Data           4  mpu_sensor.o(.data)
    min_g                                    0x200026a8   Data           4  mpu_sensor.o(.data)
    max_g                                    0x200026ac   Data           4  mpu_sensor.o(.data)
    max_accel_var                            0x200026b0   Data           4  mpu_sensor.o(.data)
    max_g_offset                             0x200026b4   Data           4  mpu_sensor.o(.data)
    m_stable_state                           0x20002738   Data           1  bsp.o(.data)
    m_led_on_state                           0x2000273a   Data           1  bsp.o(.data)
    ble_tx_power_level                       0x2000279c   Data           1  ble_tps.o(.data)
    motion_notification                      0x2000279d   Data           1  ble_mts.o(.data)
    motion_dmp_on                            0x2000279e   Data           1  ble_mts.o(.data)
    motion_interrupt_mode                    0x2000279f   Data           1  ble_mts.o(.data)
    print_mts                                0x200027a0   Data           1  ble_mts.o(.data)
    motion_sampling_rate                     0x200027a1   Data           1  ble_mts.o(.data)
    dmp_mode                                 0x200027a2   Data           1  ble_mts.o(.data)
    accel_fsr_val                            0x200027a3   Data           1  ble_mts.o(.data)
    gyro_fsr_val                             0x200027a4   Data           1  ble_mts.o(.data)
    int_threshold_val                        0x200027a6   Data           2  ble_mts.o(.data)
    dmp_lp_quat                              0x200027a8   Data           1  ble_mts.o(.data)
    dmp_gyro_cal                             0x200027a9   Data           1  ble_mts.o(.data)
    dmp_get_gyro                             0x200027aa   Data           1  ble_mts.o(.data)
    dmp_get_accel                            0x200027ab   Data           1  ble_mts.o(.data)
    count_data_on                            0x200027ac   Data           1  ble_mts.o(.data)
    cnt_threshold_val                        0x200027ae   Data           2  ble_mts.o(.data)
    major_ver_no                             0x200027b0   Data           1  ble_cds.o(.data)
    minor_ver_no                             0x200027b1   Data           1  ble_cds.o(.data)
    minor1_ver_no                            0x200027b2   Data           1  ble_cds.o(.data)
    cds_enabled                              0x200027b3   Data           1  ble_cds.o(.data)
    cmd_45                                   0x200027b4   Data           1  ble_cds.o(.data)
    test_dev_cnt                             0x200027b5   Data           1  ble_cds.o(.data)
    SystemCoreClock                          0x200027b8   Data           4  system_nrf52.o(.data)
    sys_flag                                 0x20002a54   Data          27  main.o(.bss)
    beacon                                   0x20002a6f   Data           9  main.o(.bss)
    m_mts                                    0x20002ad8   Data          44  main.o(.bss)
    m_rx_buf                                 0x20002b4c   Data         234  device.o(.bss)
    m_buffer                                 0x20002c36   Data          64  device.o(.bss)
    f_buffer                                 0x20002c78   Data          64  device.o(.bss)
    dmp                                      0x20002d04   Data          16  mpu_sensor_dmp.o(.bss)
    nrf_nvic_state                           0x20003178   Data          12  app_util_platform.o(.bss)
    _SEGGER_RTT                              0x200031a4   Data         120  segger_rtt.o(.bss)
    tx_buf                                   0x2000362c   Data         128  ble_cds.o(.bss)
    rx_buf                                   0x200036ac   Data         128  ble_cds.o(.bss)
    __initial_sp                             0x20005730   Data           0  arm_startup_nrf52.o(STACK)



==============================================================================

Memory Map of the image

  Image Entry point : 0x0001f201

  Load Region LR_IROM1 (Base: 0x0001f000, Size: 0x0000a8a8, Max: 0x00061000, ABSOLUTE, COMPRESSED[0x0000a760])

    Execution Region ER_IROM1 (Exec base: 0x0001f000, Load base: 0x0001f000, Size: 0x0000a718, Max: 0x00061000, ABSOLUTE)

    Exec Addr    Load Addr    Size         Type   Attr      Idx    E Section Name        Object

    0x0001f000   0x0001f000   0x00000200   Data   RO         4700    RESET               arm_startup_nrf52.o
    0x0001f200   0x0001f200   0x00000000   Code   RO         4758  * .ARM.Collect$$$$00000000  mc_w.l(entry.o)
    0x0001f200   0x0001f200   0x00000004   Code   RO         4787    .ARM.Collect$$$$00000001  mc_w.l(entry2.o)
    0x0001f204   0x0001f204   0x00000004   Code   RO         4790    .ARM.Collect$$$$00000004  mc_w.l(entry5.o)
    0x0001f208   0x0001f208   0x00000000   Code   RO         4792    .ARM.Collect$$$$00000008  mc_w.l(entry7b.o)
    0x0001f208   0x0001f208   0x00000000   Code   RO         4794    .ARM.Collect$$$$0000000A  mc_w.l(entry8b.o)
    0x0001f208   0x0001f208   0x00000008   Code   RO         4795    .ARM.Collect$$$$0000000B  mc_w.l(entry9a.o)
    0x0001f210   0x0001f210   0x00000000   Code   RO         4797    .ARM.Collect$$$$0000000D  mc_w.l(entry10a.o)
    0x0001f210   0x0001f210   0x00000000   Code   RO         4799    .ARM.Collect$$$$0000000F  mc_w.l(entry11a.o)
    0x0001f210   0x0001f210   0x00000004   Code   RO         4788    .ARM.Collect$$$$00002712  mc_w.l(entry2.o)
    0x0001f214   0x0001f214   0x00000024   Code   RO         4701    .text               arm_startup_nrf52.o
    0x0001f238   0x0001f238   0x00000062   Code   RO         4761    .text               mc_w.l(uldiv.o)
    0x0001f29a   0x0001f29a   0x00000062   Code   RO         4763    .text               mc_w.l(ldiv.o)
    0x0001f2fc   0x0001f2fc   0x00000024   Code   RO         4765    .text               mc_w.l(memcpya.o)
    0x0001f320   0x0001f320   0x00000024   Code   RO         4767    .text               mc_w.l(memseta.o)
    0x0001f344   0x0001f344   0x0000000e   Code   RO         4769    .text               mc_w.l(strlen.o)
    0x0001f352   0x0001f352   0x0000001a   Code   RO         4771    .text               mc_w.l(memcmp.o)
    0x0001f36c   0x0001f36c   0x00000012   Code   RO         4773    .text               mc_w.l(strcpy.o)
    0x0001f37e   0x0001f37e   0x0000014e   Code   RO         4777    .text               mf_w.l(dadd.o)
    0x0001f4cc   0x0001f4cc   0x000000e4   Code   RO         4779    .text               mf_w.l(dmul.o)
    0x0001f5b0   0x0001f5b0   0x0000001a   Code   RO         4781    .text               mf_w.l(dfltui.o)
    0x0001f5ca   0x0001f5ca   0x00000032   Code   RO         4783    .text               mf_w.l(dfixui.o)
    0x0001f5fc   0x0001f5fc   0x00000030   Code   RO         4785    .text               mf_w.l(cdcmple.o)
    0x0001f62c   0x0001f62c   0x0000001e   Code   RO         4801    .text               mc_w.l(llshl.o)
    0x0001f64a   0x0001f64a   0x00000020   Code   RO         4803    .text               mc_w.l(llushr.o)
    0x0001f66a   0x0001f66a   0x00000024   Code   RO         4805    .text               mc_w.l(llsshr.o)
    0x0001f68e   0x0001f68e   0x00000000   Code   RO         4814    .text               mc_w.l(iusefp.o)
    0x0001f68e   0x0001f68e   0x000000ba   Code   RO         4815    .text               mf_w.l(depilogue.o)
    0x0001f748   0x0001f748   0x000000a2   Code   RO         4817    .text               mf_w.l(dsqrt.o)
    0x0001f7ea   0x0001f7ea   0x00000002   PAD
    0x0001f7ec   0x0001f7ec   0x00000024   Code   RO         4819    .text               mc_w.l(init.o)
    0x0001f810   0x0001f810   0x00000056   Code   RO         4829    .text               mc_w.l(__dczerorl2.o)
    0x0001f866   0x0001f866   0x00000002   PAD
    0x0001f868   0x0001f868   0x00000174   Code   RO         2109    i.GPIOTE_IRQHandler  nrf_drv_gpiote.o
    0x0001f9dc   0x0001f9dc   0x00000016   Code   RO         3475    i.NVIC_ClearPendingIRQ  app_timer.o
    0x0001f9f2   0x0001f9f2   0x00000016   Code   RO         4248    i.NVIC_DisableIRQ   softdevice_handler.o
    0x0001fa08   0x0001fa08   0x00000016   Code   RO         3476    i.NVIC_EnableIRQ    app_timer.o
    0x0001fa1e   0x0001fa1e   0x00000016   Code   RO         4249    i.NVIC_EnableIRQ    softdevice_handler.o
    0x0001fa34   0x0001fa34   0x00000016   Code   RO         3477    i.NVIC_SetPendingIRQ  app_timer.o
    0x0001fa4a   0x0001fa4a   0x00000020   Code   RO         3478    i.NVIC_SetPriority  app_timer.o
    0x0001fa6a   0x0001fa6a   0x00000002   PAD
    0x0001fa6c   0x0001fa6c   0x00000024   Code   RO         4708    i.NVIC_SystemReset  system_nrf52.o
    0x0001fa90   0x0001fa90   0x00000058   Code   RO         1877    i.POWER_CLOCK_IRQHandler  nrf_drv_clock.o
    0x0001fae8   0x0001fae8   0x00000024   Code   RO         3479    i.RTC1_IRQHandler   app_timer.o
    0x0001fb0c   0x0001fb0c   0x00000148   Code   RO         2349    i.SAADC_IRQHandler  nrf_drv_saadc.o
    0x0001fc54   0x0001fc54   0x00000038   Code   RO         4066    i.SEGGER_RTT_Write  segger_rtt.o
    0x0001fc8c   0x0001fc8c   0x0000005c   Code   RO         4067    i.SEGGER_RTT_WriteNoLock  segger_rtt.o
    0x0001fce8   0x0001fce8   0x0000001a   Code   RO         4069    i.SEGGER_RTT_WriteString  segger_rtt.o
    0x0001fd02   0x0001fd02   0x00000016   Code   RO         4208    i.SEGGER_RTT_printf  segger_rtt_printf.o
    0x0001fd18   0x0001fd18   0x00000196   Code   RO         4209    i.SEGGER_RTT_vprintf  segger_rtt_printf.o
    0x0001feae   0x0001feae   0x00000002   PAD
    0x0001feb0   0x0001feb0   0x00000010   Code   RO         2695    i.SPIM0_SPIS0_TWIM0_TWIS0_SPI0_TWI0_IRQHandler  nrf_drv_twi.o
    0x0001fec0   0x0001fec0   0x00000048   Code   RO         2493    i.SPIM1_SPIS1_TWIM1_TWIS1_SPI1_TWI1_IRQHandler  nrf_drv_spi.o
    0x0001ff08   0x0001ff08   0x00000004   Code   RO         3480    i.SWI0_EGU0_IRQHandler  app_timer.o
    0x0001ff0c   0x0001ff0c   0x00000024   Code   RO         4250    i.SWI2_EGU2_IRQHandler  softdevice_handler.o
    0x0001ff30   0x0001ff30   0x00000330   Code   RO         4710    i.SystemInit        system_nrf52.o
    0x00020260   0x00020260   0x0000001c   Code   RO         2866    i.UARTE0_UART0_IRQHandler  nrf_drv_uart.o
    0x0002027c   0x0002027c   0x00000034   Code   RO         2603    i.WDT_IRQHandler    nrf_drv_wdt.o
    0x000202b0   0x000202b0   0x00000068   Code   RO         4071    i._DoInit           segger_rtt.o
    0x00020318   0x00020318   0x00000016   Code   RO         4072    i._GetAvailWriteSpace  segger_rtt.o
    0x0002032e   0x0002032e   0x00000002   PAD
    0x00020330   0x00020330   0x000000c6   Code   RO         4210    i._PrintInt         segger_rtt_printf.o
    0x000203f6   0x000203f6   0x00000002   PAD
    0x000203f8   0x000203f8   0x000000d4   Code   RO         4211    i._PrintUnsigned    segger_rtt_printf.o
    0x000204cc   0x000204cc   0x0000003e   Code   RO         4212    i._StoreChar        segger_rtt_printf.o
    0x0002050a   0x0002050a   0x0000005a   Code   RO         4074    i._WriteBlocking    segger_rtt.o
    0x00020564   0x00020564   0x00000042   Code   RO         4075    i._WriteNoCheck     segger_rtt.o
    0x000205a6   0x000205a6   0x0000007a   Code   RO         4746    i.__hardfp_sqrt     m_wm.l(sqrt.o)
    0x00020620   0x00020620   0x0000000e   Code   RO         4823    i.__scatterload_copy  mc_w.l(handlers.o)
    0x0002062e   0x0002062e   0x00000002   Code   RO         4824    i.__scatterload_null  mc_w.l(handlers.o)
    0x00020630   0x00020630   0x0000000e   Code   RO         4825    i.__scatterload_zeroinit  mc_w.l(handlers.o)
    0x0002063e   0x0002063e   0x00000002   PAD
    0x00020640   0x00020640   0x00000024   Code   RO         4251    i.__sd_nvic_app_accessible_irq  softdevice_handler.o
    0x00020664   0x00020664   0x0000000c   Code   RO         4809    i.__set_errno       mc_w.l(errno.o)
    0x00020670   0x00020670   0x000001b0   Code   RO          817    i.accel_6500_self_test  mpu_sensor.o
    0x00020820   0x00020820   0x00000182   Code   RO         1314    i.adv_data_encode   ble_advdata.o
    0x000209a2   0x000209a2   0x00000002   PAD
    0x000209a4   0x000209a4   0x00000058   Code   RO         1415    i.adv_mode_next_avail_get  ble_advertising.o
    0x000209fc   0x000209fc   0x0000006c   Code   RO            4    i.advertising_init  main.o
    0x00020a68   0x00020a68   0x00000016   Code   RO            5    i.advertising_start  main.o
    0x00020a7e   0x00020a7e   0x0000012a   Code   RO         4652    i.all_char_add      ble_advs.o
    0x00020ba8   0x00020ba8   0x0000002c   Code   RO            6    i.app_1ms_timeout_haldler  main.o
    0x00020bd4   0x00020bd4   0x00000020   Code   RO            7    i.app_1ms_timer_start  main.o
    0x00020bf4   0x00020bf4   0x0000001c   Code   RO            8    i.app_1ms_timer_stop  main.o
    0x00020c10   0x00020c10   0x0000000c   Code   RO            9    i.app_1s_timeout_haldler  main.o
    0x00020c1c   0x00020c1c   0x00000040   Code   RO           10    i.app_500ms_timeout_haldler  main.o
    0x00020c5c   0x00020c5c   0x00000030   Code   RO         3251    i.app_button_disable  app_button.o
    0x00020c8c   0x00020c8c   0x00000024   Code   RO         3252    i.app_button_enable  app_button.o
    0x00020cb0   0x00020cb0   0x00000070   Code   RO         3253    i.app_button_init   app_button.o
    0x00020d20   0x00020d20   0x00000024   Code   RO         3347    i.app_error_fault_handler  app_error_weak.o
    0x00020d44   0x00020d44   0x00000016   Code   RO         3308    i.app_error_handler_bare  app_error.o
    0x00020d5a   0x00020d5a   0x00000016   Code   RO         3982    i.app_fifo_get      app_fifo.o
    0x00020d70   0x00020d70   0x00000020   Code   RO         3983    i.app_fifo_init     app_fifo.o
    0x00020d90   0x00020d90   0x0000001a   Code   RO         3985    i.app_fifo_put      app_fifo.o
    0x00020daa   0x00020daa   0x00000002   PAD
    0x00020dac   0x00020dac   0x00000028   Code   RO         3483    i.app_timer_create  app_timer.o
    0x00020dd4   0x00020dd4   0x00000054   Code   RO         3484    i.app_timer_init    app_timer.o
    0x00020e28   0x00020e28   0x00000088   Code   RO         3487    i.app_timer_start   app_timer.o
    0x00020eb0   0x00020eb0   0x00000020   Code   RO         3488    i.app_timer_stop    app_timer.o
    0x00020ed0   0x00020ed0   0x00000034   Code   RO         3914    i.app_uart_get      app_uart_fifo.o
    0x00020f04   0x00020f04   0x000000b4   Code   RO         3915    i.app_uart_init     app_uart_fifo.o
    0x00020fb8   0x00020fb8   0x0000003c   Code   RO         3916    i.app_uart_put      app_uart_fifo.o
    0x00020ff4   0x00020ff4   0x00000028   Code   RO           11    i.app_uart_send_data  main.o
    0x0002101c   0x0002101c   0x00000048   Code   RO         3659    i.app_util_critical_region_enter  app_util_platform.o
    0x00021064   0x00021064   0x00000034   Code   RO         3660    i.app_util_critical_region_exit  app_util_platform.o
    0x00021098   0x00021098   0x00000024   Code   RO           12    i.application_timers_start  main.o
    0x000210bc   0x000210bc   0x000000b8   Code   RO         2867    i.apply_config      nrf_drv_uart.o
    0x00021174   0x00021174   0x0000014e   Code   RO         4390    i.battery_level_char_add  ble_bas.o
    0x000212c2   0x000212c2   0x00000002   PAD
    0x000212c4   0x000212c4   0x0000018c   Code   RO           14    i.battery_level_update  main.o
    0x00021450   0x00021450   0x00000068   Code   RO         1315    i.ble_advdata_set   ble_advdata.o
    0x000214b8   0x000214b8   0x00000120   Code   RO         1417    i.ble_advertising_init  ble_advertising.o
    0x000215d8   0x000215d8   0x00000028   Code   RO         1418    i.ble_advertising_on_ble_evt  ble_advertising.o
    0x00021600   0x00021600   0x000000f4   Code   RO         1421    i.ble_advertising_start  ble_advertising.o
    0x000216f4   0x000216f4   0x00000040   Code   RO         4653    i.ble_advs_init     ble_advs.o
    0x00021734   0x00021734   0x0000002e   Code   RO         4654    i.ble_advs_on_ble_evt  ble_advs.o
    0x00021762   0x00021762   0x0000007a   Code   RO         4391    i.ble_bas_battery_level_update  ble_bas.o
    0x000217dc   0x000217dc   0x00000044   Code   RO         4392    i.ble_bas_init      ble_bas.o
    0x00021820   0x00021820   0x00000060   Code   RO         4393    i.ble_bas_on_ble_evt  ble_bas.o
    0x00021880   0x00021880   0x00000040   Code   RO         4578    i.ble_cds_init      ble_cds.o
    0x000218c0   0x000218c0   0x0000004c   Code   RO         4579    i.ble_cds_on_ble_evt  ble_cds.o
    0x0002190c   0x0002190c   0x00000058   Code   RO         1509    i.ble_conn_params_init  ble_conn_params.o
    0x00021964   0x00021964   0x00000084   Code   RO         1510    i.ble_conn_params_on_ble_evt  ble_conn_params.o
    0x000219e8   0x000219e8   0x0000010c   Code   RO         1602    i.ble_conn_state_on_ble_evt  ble_conn_state.o
    0x00021af4   0x00021af4   0x00000060   Code   RO         1316    i.ble_device_addr_encode  ble_advdata.o
    0x00021b54   0x00021b54   0x00000064   Code   RO           15    i.ble_evt_dispatch  main.o
    0x00021bb8   0x00021bb8   0x00000048   Code   RO         4482    i.ble_mts_init      ble_mts.o
    0x00021c00   0x00021c00   0x000000a0   Code   RO         4483    i.ble_mts_on_ble_evt  ble_mts.o
    0x00021ca0   0x00021ca0   0x00000084   Code   RO         4580    i.ble_srv_bat_send  ble_cds.o
    0x00021d24   0x00021d24   0x00000008   Code   RO         1734    i.ble_srv_is_notification_enabled  ble_srv_common.o
    0x00021d2c   0x00021d2c   0x000000e8   Code   RO         4484    i.ble_srv_motion_evt_handler  ble_mts.o
    0x00021e14   0x00021e14   0x00000064   Code   RO         4485    i.ble_srv_motion_measurement_send  ble_mts.o
    0x00021e78   0x00021e78   0x0000000c   Code   RO         1735    i.ble_srv_report_ref_encode  ble_srv_common.o
    0x00021e84   0x00021e84   0x000000ac   Code   RO           16    i.ble_stack_init    main.o
    0x00021f30   0x00021f30   0x0000002a   Code   RO         4434    i.ble_tps_init      ble_tps.o
    0x00021f5a   0x00021f5a   0x00000002   PAD
    0x00021f5c   0x00021f5c   0x00000078   Code   RO         4435    i.ble_tps_on_ble_evt  ble_tps.o
    0x00021fd4   0x00021fd4   0x0000002a   Code   RO         4436    i.ble_tps_tx_power_level_set  ble_tps.o
    0x00021ffe   0x00021ffe   0x00000002   PAD
    0x00022000   0x00022000   0x00000084   Code   RO           17    i.bootloader_start  main.o
    0x00022084   0x00022084   0x00000010   Code   RO         1210    i.bsp_board_led_off  boards.o
    0x00022094   0x00022094   0x00000010   Code   RO         1211    i.bsp_board_led_on  boards.o
    0x000220a4   0x000220a4   0x0000002c   Code   RO         1213    i.bsp_board_leds_init  boards.o
    0x000220d0   0x000220d0   0x00000012   Code   RO         1214    i.bsp_board_leds_off  boards.o
    0x000220e2   0x000220e2   0x00000002   PAD
    0x000220e4   0x000220e4   0x00000024   Code   RO         1216    i.bsp_board_pin_to_button_idx  boards.o
    0x00022108   0x00022108   0x00000036   Code   RO         3215    i.bsp_btn_ble_init  bsp_btn_ble.o
    0x0002213e   0x0002213e   0x00000002   Code   RO         3216    i.bsp_btn_ble_on_ble_evt  bsp_btn_ble.o
    0x00022140   0x00022140   0x000000ac   Code   RO         3100    i.bsp_button_event_handler  bsp.o
    0x000221ec   0x000221ec   0x00000004   Code   RO         3103    i.bsp_buttons_enable  bsp.o
    0x000221f0   0x000221f0   0x0000001c   Code   RO           18    i.bsp_event_handler  main.o
    0x0002220c   0x0002220c   0x00000044   Code   RO         3104    i.bsp_event_to_button_action_assign  bsp.o
    0x00022250   0x00022250   0x0000009c   Code   RO         3105    i.bsp_indication_set  bsp.o
    0x000222ec   0x000222ec   0x00000064   Code   RO         3106    i.bsp_init          bsp.o
    0x00022350   0x00022350   0x00000130   Code   RO         3107    i.bsp_led_indication  bsp.o
    0x00022480   0x00022480   0x00000008   Code   RO         3110    i.button_timer_handler  bsp.o
    0x00022488   0x00022488   0x00000078   Code   RO           19    i.buttons_leds_init  main.o
    0x00022500   0x00022500   0x00000178   Code   RO           20    i.cal_count         main.o
    0x00022678   0x00022678   0x000000d6   Code   RO         4581    i.cds_char_add      ble_cds.o
    0x0002274e   0x0002274e   0x00000002   PAD
    0x00022750   0x00022750   0x0000001c   Code   RO         2110    i.channel_free      nrf_drv_gpiote.o
    0x0002276c   0x0002276c   0x00000048   Code   RO         2111    i.channel_port_alloc  nrf_drv_gpiote.o
    0x000227b4   0x000227b4   0x00000010   Code   RO         2112    i.channel_port_get  nrf_drv_gpiote.o
    0x000227c4   0x000227c4   0x00000028   Code   RO         1878    i.clock_clk_started_notify  nrf_drv_clock.o
    0x000227ec   0x000227ec   0x000000ac   Code   RO         3490    i.compare_reg_update  app_timer.o
    0x00022898   0x00022898   0x00000088   Code   RO         1317    i.conn_int_encode   ble_advdata.o
    0x00022920   0x00022920   0x00000004   Code   RO           21    i.conn_params_error_handler  main.o
    0x00022924   0x00022924   0x0000005c   Code   RO         1512    i.conn_params_negotiation  ble_conn_params.o
    0x00022980   0x00022980   0x00000038   Code   RO         4582    i.cvt_to_uint       ble_cds.o
    0x000229b8   0x000229b8   0x00000060   Code   RO         3255    i.detection_delay_timeout_handler  app_button.o
    0x00022a18   0x00022a18   0x00000068   Code   RO           22    i.disable_ble       main.o
    0x00022a80   0x00022a80   0x00000040   Code   RO         3491    i.elapsed_ticks_acquire  app_timer.o
    0x00022ac0   0x00022ac0   0x00000014   Code   RO         3988    i.fifo_get          app_fifo.o
    0x00022ad4   0x00022ad4   0x00000012   Code   RO         3989    i.fifo_put          app_fifo.o
    0x00022ae6   0x00022ae6   0x00000002   PAD
    0x00022ae8   0x00022ae8   0x00000058   Code   RO           23    i.gap_params_init   main.o
    0x00022b40   0x00022b40   0x00000002   Code   RO           24    i.gatt_evt_handler  main.o
    0x00022b42   0x00022b42   0x00000002   PAD
    0x00022b44   0x00022b44   0x00000064   Code   RO           25    i.gatt_init         main.o
    0x00022ba8   0x00022ba8   0x00000348   Code   RO          818    i.get_st_6500_biases  mpu_sensor.o
    0x00022ef0   0x00022ef0   0x00000058   Code   RO         3256    i.gpiote_event_handler  app_button.o
    0x00022f48   0x00022f48   0x00000198   Code   RO          819    i.gyro_6500_self_test  mpu_sensor.o
    0x000230e0   0x000230e0   0x00000030   Code   RO           26    i.init_fstorage     main.o
    0x00023110   0x00023110   0x00000078   Code   RO         4252    i.intern_softdevice_events_execute  softdevice_handler.o
    0x00023188   0x00023188   0x00000078   Code   RO         2868    i.interrupts_enable  nrf_drv_uart.o
    0x00023200   0x00023200   0x000000b6   Code   RO         2696    i.irq_handler_twi   nrf_drv_twi.o
    0x000232b6   0x000232b6   0x00000002   PAD
    0x000232b8   0x000232b8   0x0000001c   Code   RO         1513    i.is_conn_params_ok  ble_conn_params.o
    0x000232d4   0x000232d4   0x00000016   Code   RO         1880    i.item_enqueue      nrf_drv_clock.o
    0x000232ea   0x000232ea   0x00000002   PAD
    0x000232ec   0x000232ec   0x00000014   Code   RO         3111    i.leds_timer_handler  bsp.o
    0x00023300   0x00023300   0x00000018   Code   RO         1791    i.link_init         nrf_ble_gatt.o
    0x00023318   0x00023318   0x000000f8   Code   RO         3492    i.list_insertions_handler  app_timer.o
    0x00023410   0x00023410   0x00000124   Code   RO           27    i.main              main.o
    0x00023534   0x00023534   0x00000064   Code   RO         1318    i.manuf_specific_data_encode  ble_advdata.o
    0x00023598   0x00023598   0x0000012a   Code   RO         4486    i.motion_char_add   ble_mts.o
    0x000236c2   0x000236c2   0x00000002   PAD
    0x000236c4   0x000236c4   0x0000006c   Code   RO           28    i.motion_data_encode  main.o
    0x00023730   0x00023730   0x0000008c   Code   RO         4487    i.motion_measurement_encode  ble_mts.o
    0x000237bc   0x000237bc   0x00000008   Code   RO         4488    i.mpu_int_disable   ble_mts.o
    0x000237c4   0x000237c4   0x00000008   Code   RO         4489    i.mpu_int_enable    ble_mts.o
    0x000237cc   0x000237cc   0x0000000c   Code   RO           29    i.mpu_int_event_handler  main.o
    0x000237d8   0x000237d8   0x000000e8   Code   RO          820    i.mpu_run_20689_self_test  mpu_sensor.o
    0x000238c0   0x000238c0   0x00000048   Code   RO          821    i.mpu_sensor_configure_fifo  mpu_sensor.o
    0x00023908   0x00023908   0x0000003a   Code   RO         1132    i.mpu_sensor_dmp_enable_6x_lp_quat  mpu_sensor_dmp.o
    0x00023942   0x00023942   0x00000002   PAD
    0x00023944   0x00023944   0x000001d8   Code   RO         1133    i.mpu_sensor_dmp_enable_feature  mpu_sensor_dmp.o
    0x00023b1c   0x00023b1c   0x0000003c   Code   RO         1134    i.mpu_sensor_dmp_enable_gyro_cal  mpu_sensor_dmp.o
    0x00023b58   0x00023b58   0x0000003a   Code   RO         1135    i.mpu_sensor_dmp_enable_lp_quat  mpu_sensor_dmp.o
    0x00023b92   0x00023b92   0x00000002   PAD
    0x00023b94   0x00023b94   0x00000014   Code   RO         1136    i.mpu_sensor_dmp_load_firmware  mpu_sensor_dmp.o
    0x00023ba8   0x00023ba8   0x000000a4   Code   RO         1138    i.mpu_sensor_dmp_set_fifo_rate  mpu_sensor_dmp.o
    0x00023c4c   0x00023c4c   0x00000084   Code   RO          822    i.mpu_sensor_fast_accel_init  mpu_sensor.o
    0x00023cd0   0x00023cd0   0x00000050   Code   RO          824    i.mpu_sensor_get_accel_reg  mpu_sensor.o
    0x00023d20   0x00023d20   0x0000002c   Code   RO          831    i.mpu_sensor_get_gyro_reg  mpu_sensor.o
    0x00023d4c   0x00023d4c   0x0000011c   Code   RO          835    i.mpu_sensor_init   mpu_sensor.o
    0x00023e68   0x00023e68   0x00000094   Code   RO          836    i.mpu_sensor_load_firmware  mpu_sensor.o
    0x00023efc   0x00023efc   0x00000090   Code   RO          837    i.mpu_sensor_read_fifo_stream  mpu_sensor.o
    0x00023f8c   0x00023f8c   0x00000048   Code   RO          838    i.mpu_sensor_read_mem  mpu_sensor.o
    0x00023fd4   0x00023fd4   0x0000015c   Code   RO          840    i.mpu_sensor_reset_fifo  mpu_sensor.o
    0x00024130   0x00024130   0x00000050   Code   RO          841    i.mpu_sensor_set_accel_fsr  mpu_sensor.o
    0x00024180   0x00024180   0x000000c8   Code   RO          842    i.mpu_sensor_set_bypass  mpu_sensor.o
    0x00024248   0x00024248   0x0000006c   Code   RO          844    i.mpu_sensor_set_dmp_state  mpu_sensor.o
    0x000242b4   0x000242b4   0x00000050   Code   RO          846    i.mpu_sensor_set_gyro_fsr  mpu_sensor.o
    0x00024304   0x00024304   0x00000044   Code   RO          847    i.mpu_sensor_set_int_latched  mpu_sensor.o
    0x00024348   0x00024348   0x000000b0   Code   RO          848    i.mpu_sensor_set_lp_accel_mode  mpu_sensor.o
    0x000243f8   0x000243f8   0x00000058   Code   RO          849    i.mpu_sensor_set_lpf  mpu_sensor.o
    0x00024450   0x00024450   0x00000020   Code   RO          850    i.mpu_sensor_set_memory_address  mpu_sensor.o
    0x00024470   0x00024470   0x00000020   Code   RO          851    i.mpu_sensor_set_memory_bank  mpu_sensor.o
    0x00024490   0x00024490   0x0000005c   Code   RO          852    i.mpu_sensor_set_sample_rate  mpu_sensor.o
    0x000244ec   0x000244ec   0x00000044   Code   RO          853    i.mpu_sensor_set_sensors  mpu_sensor.o
    0x00024530   0x00024530   0x00000048   Code   RO          854    i.mpu_sensor_set_sleep_mode  mpu_sensor.o
    0x00024578   0x00024578   0x00000070   Code   RO          855    i.mpu_sensor_write_mem  mpu_sensor.o
    0x000245e8   0x000245e8   0x0000009c   Code   RO         1319    i.name_encode       ble_advdata.o
    0x00024684   0x00024684   0x00000010   Code   RO         2113    i.nrf_bitmask_bit_is_set  nrf_drv_gpiote.o
    0x00024694   0x00024694   0x00000018   Code   RO         1793    i.nrf_ble_gatt_att_mtu_periph_set  nrf_ble_gatt.o
    0x000246ac   0x000246ac   0x00000044   Code   RO         1795    i.nrf_ble_gatt_data_length_set  nrf_ble_gatt.o
    0x000246f0   0x000246f0   0x0000002c   Code   RO         1797    i.nrf_ble_gatt_init  nrf_ble_gatt.o
    0x0002471c   0x0002471c   0x00000168   Code   RO         1798    i.nrf_ble_gatt_on_ble_evt  nrf_ble_gatt.o
    0x00024884   0x00024884   0x0000000e   Code   RO         1882    i.nrf_clock_event_check  nrf_drv_clock.o
    0x00024892   0x00024892   0x00000010   Code   RO         1883    i.nrf_clock_event_clear  nrf_drv_clock.o
    0x000248a2   0x000248a2   0x0000000a   Code   RO           30    i.nrf_delay_ms      main.o
    0x000248ac   0x000248ac   0x0000000a   Code   RO          607    i.nrf_delay_ms      device.o
    0x000248b6   0x000248b6   0x0000000a   Code   RO          856    i.nrf_delay_ms      mpu_sensor.o
    0x000248c0   0x000248c0   0x0000008c   Code   RO           31    i.nrf_delay_us      main.o
    0x0002494c   0x0002494c   0x0000008c   Code   RO          608    i.nrf_delay_us      device.o
    0x000249d8   0x000249d8   0x0000008c   Code   RO          857    i.nrf_delay_us      mpu_sensor.o
    0x00024a64   0x00024a64   0x0000008c   Code   RO         2697    i.nrf_delay_us      nrf_drv_twi.o
    0x00024af0   0x00024af0   0x0000008c   Code   RO         3493    i.nrf_delay_us      app_timer.o
    0x00024b7c   0x00024b7c   0x0000008c   Code   RO         4490    i.nrf_delay_us      ble_mts.o
    0x00024c08   0x00024c08   0x00000048   Code   RO         1890    i.nrf_drv_clock_init  nrf_drv_clock.o
    0x00024c50   0x00024c50   0x00000068   Code   RO         1895    i.nrf_drv_clock_lfclk_request  nrf_drv_clock.o
    0x00024cb8   0x00024cb8   0x00000030   Code   RO         1897    i.nrf_drv_clock_on_sd_enable  nrf_drv_clock.o
    0x00024ce8   0x00024ce8   0x0000000a   Code   RO         1898    i.nrf_drv_clock_on_soc_event  nrf_drv_clock.o
    0x00024cf2   0x00024cf2   0x00000038   Code   RO         2060    i.nrf_drv_common_irq_enable  nrf_drv_common.o
    0x00024d2a   0x00024d2a   0x00000006   Code   RO         2870    i.nrf_drv_get_IRQn  nrf_drv_uart.o
    0x00024d30   0x00024d30   0x00000048   Code   RO         2117    i.nrf_drv_gpiote_in_event_disable  nrf_drv_gpiote.o
    0x00024d78   0x00024d78   0x000000a4   Code   RO         2118    i.nrf_drv_gpiote_in_event_enable  nrf_drv_gpiote.o
    0x00024e1c   0x00024e1c   0x000000b8   Code   RO         2119    i.nrf_drv_gpiote_in_init  nrf_drv_gpiote.o
    0x00024ed4   0x00024ed4   0x00000014   Code   RO         2120    i.nrf_drv_gpiote_in_is_set  nrf_drv_gpiote.o
    0x00024ee8   0x00024ee8   0x0000005c   Code   RO         2122    i.nrf_drv_gpiote_init  nrf_drv_gpiote.o
    0x00024f44   0x00024f44   0x00000014   Code   RO         2123    i.nrf_drv_gpiote_is_init  nrf_drv_gpiote.o
    0x00024f58   0x00024f58   0x000000b8   Code   RO         2125    i.nrf_drv_gpiote_out_init  nrf_drv_gpiote.o
    0x00025010   0x00025010   0x00000010   Code   RO         2871    i.nrf_drv_is_in_RAM  nrf_drv_uart.o
    0x00025020   0x00025020   0x000000a4   Code   RO         2351    i.nrf_drv_saadc_buffer_convert  nrf_drv_saadc.o
    0x000250c4   0x000250c4   0x00000060   Code   RO         2353    i.nrf_drv_saadc_channel_init  nrf_drv_saadc.o
    0x00025124   0x00025124   0x0000008c   Code   RO         2355    i.nrf_drv_saadc_init  nrf_drv_saadc.o
    0x000251b0   0x000251b0   0x0000002c   Code   RO         2358    i.nrf_drv_saadc_sample  nrf_drv_saadc.o
    0x000251dc   0x000251dc   0x000000c0   Code   RO         2359    i.nrf_drv_saadc_sample_convert  nrf_drv_saadc.o
    0x0002529c   0x0002529c   0x00000020   Code   RO         2700    i.nrf_drv_twi_enable  nrf_drv_twi.o
    0x000252bc   0x000252bc   0x0000008c   Code   RO         2701    i.nrf_drv_twi_init  nrf_drv_twi.o
    0x00025348   0x00025348   0x00000024   Code   RO         2703    i.nrf_drv_twi_rx    nrf_drv_twi.o
    0x0002536c   0x0002536c   0x00000024   Code   RO         2706    i.nrf_drv_twi_tx    nrf_drv_twi.o
    0x00025390   0x00025390   0x0000002c   Code   RO         2708    i.nrf_drv_twi_xfer  nrf_drv_twi.o
    0x000253bc   0x000253bc   0x00000068   Code   RO         2873    i.nrf_drv_uart_init  nrf_drv_uart.o
    0x00025424   0x00025424   0x000000b0   Code   RO         2874    i.nrf_drv_uart_rx   nrf_drv_uart.o
    0x000254d4   0x000254d4   0x00000030   Code   RO         2877    i.nrf_drv_uart_rx_enable  nrf_drv_uart.o
    0x00025504   0x00025504   0x000000a8   Code   RO         2878    i.nrf_drv_uart_rx_for_uart  nrf_drv_uart.o
    0x000255ac   0x000255ac   0x000000b0   Code   RO         2879    i.nrf_drv_uart_rx_for_uarte  nrf_drv_uart.o
    0x0002565c   0x0002565c   0x0000010c   Code   RO         2881    i.nrf_drv_uart_tx   nrf_drv_uart.o
    0x00025768   0x00025768   0x00000018   Code   RO         2883    i.nrf_drv_uart_tx_in_progress  nrf_drv_uart.o
    0x00025780   0x00025780   0x00000018   Code   RO         2605    i.nrf_drv_wdt_channel_feed  nrf_drv_wdt.o
    0x00025798   0x00025798   0x00000024   Code   RO         1218    i.nrf_gpio_cfg      boards.o
    0x000257bc   0x000257bc   0x00000024   Code   RO         2137    i.nrf_gpio_cfg      nrf_drv_gpiote.o
    0x000257e0   0x000257e0   0x00000024   Code   RO         2885    i.nrf_gpio_cfg      nrf_drv_uart.o
    0x00025804   0x00025804   0x00000014   Code   RO           32    i.nrf_gpio_cfg_input  main.o
    0x00025818   0x00025818   0x00000012   Code   RO         2887    i.nrf_gpio_cfg_input  nrf_drv_uart.o
    0x0002582a   0x0002582a   0x00000014   Code   RO         2888    i.nrf_gpio_cfg_output  nrf_drv_uart.o
    0x0002583e   0x0002583e   0x00000022   Code   RO         2139    i.nrf_gpio_cfg_sense_set  nrf_drv_gpiote.o
    0x00025860   0x00025860   0x0000000e   Code   RO           33    i.nrf_gpio_pin_clear  main.o
    0x0002586e   0x0002586e   0x0000000e   Code   RO           34    i.nrf_gpio_pin_set  main.o
    0x0002587c   0x0002587c   0x0000000e   Code   RO         2504    i.nrf_gpio_pin_set  nrf_drv_spi.o
    0x0002588a   0x0002588a   0x0000000e   Code   RO         2709    i.nrf_gpio_pin_set  nrf_drv_twi.o
    0x00025898   0x00025898   0x0000001c   Code   RO           35    i.nrf_gpio_pin_toggle  main.o
    0x000258b4   0x000258b4   0x00000016   Code   RO         1219    i.nrf_gpio_pin_write  boards.o
    0x000258ca   0x000258ca   0x00000002   PAD
    0x000258cc   0x000258cc   0x00000028   Code   RO         2140    i.nrf_gpio_ports_read  nrf_drv_gpiote.o
    0x000258f4   0x000258f4   0x00000014   Code   RO         2141    i.nrf_gpiote_event_clear  nrf_drv_gpiote.o
    0x00025908   0x00025908   0x00000010   Code   RO         2142    i.nrf_gpiote_event_is_set  nrf_drv_gpiote.o
    0x00025918   0x00025918   0x00000010   Code   RO         2362    i.nrf_saadc_buffer_init  nrf_drv_saadc.o
    0x00025928   0x00025928   0x00000068   Code   RO         2668    i.nrf_saadc_channel_init  nrf_saadc.o
    0x00025990   0x00025990   0x00000014   Code   RO         2363    i.nrf_saadc_channel_input_set  nrf_drv_saadc.o
    0x000259a4   0x000259a4   0x00000010   Code   RO         2364    i.nrf_saadc_event_check  nrf_drv_saadc.o
    0x000259b4   0x000259b4   0x00000014   Code   RO         2365    i.nrf_saadc_event_clear  nrf_drv_saadc.o
    0x000259c8   0x000259c8   0x0000000a   Code   RO         2505    i.nrf_spim_event_check  nrf_drv_spi.o
    0x000259d2   0x000259d2   0x0000000a   Code   RO         2710    i.nrf_twi_event_check  nrf_drv_twi.o
    0x000259dc   0x000259dc   0x0000000c   Code   RO         2711    i.nrf_twi_event_clear  nrf_drv_twi.o
    0x000259e8   0x000259e8   0x0000000a   Code   RO         2889    i.nrf_uart_event_check  nrf_drv_uart.o
    0x000259f2   0x000259f2   0x0000000c   Code   RO         2890    i.nrf_uart_event_clear  nrf_drv_uart.o
    0x000259fe   0x000259fe   0x0000000c   Code   RO         2891    i.nrf_uart_int_enable_check  nrf_drv_uart.o
    0x00025a0a   0x00025a0a   0x0000000a   Code   RO         2892    i.nrf_uarte_event_check  nrf_drv_uart.o
    0x00025a14   0x00025a14   0x0000000c   Code   RO         2893    i.nrf_uarte_event_clear  nrf_drv_uart.o
    0x00025a20   0x00025a20   0x0000001a   Code   RO           36    i.on_adv_evt        main.o
    0x00025a3a   0x00025a3a   0x00000002   PAD
    0x00025a3c   0x00025a3c   0x00000144   Code   RO           37    i.on_ble_evt        main.o
    0x00025b80   0x00025b80   0x0000001c   Code   RO           38    i.on_conn_params_evt  main.o
    0x00025b9c   0x00025b9c   0x00000062   Code   RO         1799    i.on_connected_evt  nrf_ble_gatt.o
    0x00025bfe   0x00025bfe   0x00000002   PAD
    0x00025c00   0x00025c00   0x0000008c   Code   RO         4583    i.on_notify         ble_cds.o
    0x00025c8c   0x00025c8c   0x000000c8   Code   RO         4655    i.on_rw_authorize_request  ble_advs.o
    0x00025d54   0x00025d54   0x0000006a   Code   RO         4491    i.on_write          ble_mts.o
    0x00025dbe   0x00025dbe   0x00000002   PAD
    0x00025dc0   0x00025dc0   0x00000546   Code   RO         4584    i.on_write          ble_cds.o
    0x00026306   0x00026306   0x00000002   PAD
    0x00026308   0x00026308   0x00000090   Code   RO         4656    i.on_write          ble_advs.o
    0x00026398   0x00026398   0x00000018   Code   RO         2143    i.pin_in_use_by_port  nrf_drv_gpiote.o
    0x000263b0   0x000263b0   0x00000018   Code   RO         2144    i.pin_in_use_by_te  nrf_drv_gpiote.o
    0x000263c8   0x000263c8   0x00000150   Code   RO           39    i.power_manage      main.o
    0x00026518   0x00026518   0x00000070   Code   RO           40    i.process_1ms_int   main.o
    0x00026588   0x00026588   0x000001f8   Code   RO           41    i.process_1s_int    main.o
    0x00026780   0x00026780   0x00000230   Code   RO           42    i.process_bsp_event  main.o
    0x000269b0   0x000269b0   0x00000084   Code   RO           44    i.process_mpu_int   main.o
    0x00026a34   0x00026a34   0x00000078   Code   RO          609    i.read_device_name  device.o
    0x00026aac   0x00026aac   0x000001fc   Code   RO          610    i.read_system_data  device.o
    0x00026ca8   0x00026ca8   0x0000003c   Code   RO         3494    i.rtc1_stop         app_timer.o
    0x00026ce4   0x00026ce4   0x00000032   Code   RO         2895    i.rx_byte           nrf_drv_uart.o
    0x00026d16   0x00026d16   0x00000018   Code   RO         2896    i.rx_done_event     nrf_drv_uart.o
    0x00026d2e   0x00026d2e   0x00000020   Code   RO         2897    i.rx_enable         nrf_drv_uart.o
    0x00026d4e   0x00026d4e   0x0000000e   Code   RO           45    i.saadc_callback    main.o
    0x00026d5c   0x00026d5c   0x0000007c   Code   RO           46    i.saadc_init        main.o
    0x00026dd8   0x00026dd8   0x00000050   Code   RO          611    i.save_count_data   device.o
    0x00026e28   0x00026e28   0x00000150   Code   RO          612    i.save_system_data  device.o
    0x00026f78   0x00026f78   0x00000070   Code   RO         4253    i.sd_nvic_EnableIRQ  softdevice_handler.o
    0x00026fe8   0x00026fe8   0x00000044   Code   RO         3850    i.sdk_mapped_flags_bulk_update_by_key  sdk_mapped_flags.o
    0x0002702c   0x0002702c   0x00000022   Code   RO         3851    i.sdk_mapped_flags_first_key_index_get  sdk_mapped_flags.o
    0x0002704e   0x0002704e   0x00000010   Code   RO         3852    i.sdk_mapped_flags_get_by_index  sdk_mapped_flags.o
    0x0002705e   0x0002705e   0x0000004a   Code   RO         3854    i.sdk_mapped_flags_key_list_get  sdk_mapped_flags.o
    0x000270a8   0x000270a8   0x0000000e   Code   RO         3856    i.sdk_mapped_flags_update_by_key  sdk_mapped_flags.o
    0x000270b6   0x000270b6   0x00000002   PAD
    0x000270b8   0x000270b8   0x0000002c   Code   RO          613    i.sensor_init       device.o
    0x000270e4   0x000270e4   0x00000088   Code   RO         1320    i.service_data_encode  ble_advdata.o
    0x0002716c   0x0002716c   0x000000f8   Code   RO           47    i.services_init     main.o
    0x00027264   0x00027264   0x00000048   Code   RO         1423    i.set_adv_mode_fast  ble_advertising.o
    0x000272ac   0x000272ac   0x00000044   Code   RO         1424    i.set_adv_mode_slow  ble_advertising.o
    0x000272f0   0x000272f0   0x00000038   Code   RO          614    i.set_default_dev_name  device.o
    0x00027328   0x00027328   0x00000098   Code   RO          615    i.set_default_system_val  device.o
    0x000273c0   0x000273c0   0x00000054   Code   RO          858    i.set_int_enable    mpu_sensor.o
    0x00027414   0x00027414   0x00000068   Code   RO         4492    i.set_sampling_rate  ble_mts.o
    0x0002747c   0x0002747c   0x0000003c   Code   RO           48    i.show_bat_level    main.o
    0x000274b8   0x000274b8   0x00000014   Code   RO         4254    i.softdevice_app_ram_start_get  softdevice_handler.o
    0x000274cc   0x000274cc   0x00000014   Code   RO         4255    i.softdevice_ble_evt_handler_set  softdevice_handler.o
    0x000274e0   0x000274e0   0x0000000c   Code   RO         4256    i.softdevice_enable  softdevice_handler.o
    0x000274ec   0x000274ec   0x00000004   Code   RO         4257    i.softdevice_fault_handler  softdevice_handler.o
    0x000274f0   0x000274f0   0x00000064   Code   RO         4258    i.softdevice_handler_init  softdevice_handler.o
    0x00027554   0x00027554   0x0000000c   Code   RO         4259    i.softdevice_handler_is_enabled  softdevice_handler.o
    0x00027560   0x00027560   0x00000060   Code   RO          859    i.start_sensor      mpu_sensor.o
    0x000275c0   0x000275c0   0x00000068   Code   RO           49    i.sys_var_init      main.o
    0x00027628   0x00027628   0x00000080   Code   RO         3495    i.timer_list_handler  app_timer.o
    0x000276a8   0x000276a8   0x0000003c   Code   RO         3496    i.timer_list_insert  app_timer.o
    0x000276e4   0x000276e4   0x00000060   Code   RO         3497    i.timer_list_remove  app_timer.o
    0x00027744   0x00027744   0x00000048   Code   RO         3498    i.timer_stop_op_schedule  app_timer.o
    0x0002778c   0x0002778c   0x00000074   Code   RO         3499    i.timer_timeouts_check  app_timer.o
    0x00027800   0x00027800   0x000000aa   Code   RO         2712    i.twi_clear_bus     nrf_drv_twi.o
    0x000278aa   0x000278aa   0x00000002   PAD
    0x000278ac   0x000278ac   0x00000028   Code   RO          616    i.twi_config        device.o
    0x000278d4   0x000278d4   0x0000001e   Code   RO         2713    i.twi_process_error  nrf_drv_twi.o
    0x000278f2   0x000278f2   0x00000002   PAD
    0x000278f4   0x000278f4   0x0000003c   Code   RO          860    i.twi_read_byte     mpu_sensor.o
    0x00027930   0x00027930   0x0000003c   Code   RO          861    i.twi_read_bytes    mpu_sensor.o
    0x0002796c   0x0002796c   0x000000c6   Code   RO         2714    i.twi_rx_start_transfer  nrf_drv_twi.o
    0x00027a32   0x00027a32   0x00000028   Code   RO         2715    i.twi_send_byte     nrf_drv_twi.o
    0x00027a5a   0x00027a5a   0x0000010a   Code   RO         2716    i.twi_transfer      nrf_drv_twi.o
    0x00027b64   0x00027b64   0x000000d0   Code   RO         2717    i.twi_tx_start_transfer  nrf_drv_twi.o
    0x00027c34   0x00027c34   0x00000028   Code   RO          862    i.twi_write_byte    mpu_sensor.o
    0x00027c5c   0x00027c5c   0x00000038   Code   RO          863    i.twi_write_bytes   mpu_sensor.o
    0x00027c94   0x00027c94   0x0000008c   Code   RO         2718    i.twi_xfer          nrf_drv_twi.o
    0x00027d20   0x00027d20   0x00000020   Code   RO         2898    i.tx_byte           nrf_drv_uart.o
    0x00027d40   0x00027d40   0x0000001c   Code   RO         2899    i.tx_done_event     nrf_drv_uart.o
    0x00027d5c   0x00027d5c   0x00000082   Code   RO         4437    i.tx_power_level_char_add  ble_tps.o
    0x00027dde   0x00027dde   0x00000002   PAD
    0x00027de0   0x00027de0   0x000005f4   Code   RO           50    i.uart_event_handle  main.o
    0x000283d4   0x000283d4   0x000000a0   Code   RO         3917    i.uart_event_handler  app_uart_fifo.o
    0x00028474   0x00028474   0x0000011e   Code   RO         2900    i.uart_irq_handler  nrf_drv_uart.o
    0x00028592   0x00028592   0x000000f0   Code   RO         2901    i.uarte_irq_handler  nrf_drv_uart.o
    0x00028682   0x00028682   0x0000000a   Code   RO         1321    i.uint16_encode     ble_advdata.o
    0x0002868c   0x0002868c   0x00000060   Code   RO         1514    i.update_timeout_handler  ble_conn_params.o
    0x000286ec   0x000286ec   0x00000030   Code   RO         3500    i.user_op_alloc     app_timer.o
    0x0002871c   0x0002871c   0x00000030   Code   RO         1322    i.uuid_list_encode  ble_advdata.o
    0x0002874c   0x0002874c   0x0000009e   Code   RO         1323    i.uuid_list_sized_encode  ble_advdata.o
    0x000287ea   0x000287ea   0x00000002   PAD
    0x000287ec   0x000287ec   0x00000039   Data   RO           57    .constdata          main.o
    0x00028825   0x00028825   0x00000003   PAD
    0x00028828   0x00028828   0x00000018   Data   RO          619    .constdata          device.o
    0x00028840   0x00028840   0x00000208   Data   RO          865    .constdata          mpu_sensor.o
    0x00028a48   0x00028a48   0x00000020   Data   RO          866    .constdata          mpu_sensor.o
    0x00028a68   0x00028a68   0x0000000c   Data   RO          867    .constdata          mpu_sensor.o
    0x00028a74   0x00028a74   0x00000bf6   Data   RO         1140    .constdata          mpu_sensor_dmp.o
    0x0002966a   0x0002966a   0x00000004   Data   RO         1220    .constdata          boards.o
    0x0002966e   0x0002966e   0x00000002   PAD
    0x00029670   0x00029670   0x00000004   Data   RO         1517    .constdata          ble_conn_params.o
    0x00029674   0x00029674   0x00000016   Data   RO         1800    .constdata          nrf_ble_gatt.o
    0x0002968a   0x0002968a   0x00000002   PAD
    0x0002968c   0x0002968c   0x00000004   Data   RO         2146    .constdata          nrf_drv_gpiote.o
    0x00029690   0x00029690   0x00000004   Data   RO         2368    .constdata          nrf_drv_saadc.o
    0x00029694   0x00029694   0x0000000c   Data   RO         2723    .constdata          nrf_drv_twi.o
    0x000296a0   0x000296a0   0x00000018   Data   RO         3115    .constdata          bsp.o
    0x000296b8   0x000296b8   0x00000008   Data   RO         3258    .constdata          app_button.o
    0x000296c0   0x000296c0   0x00000020   Data   RO         3919    .constdata          app_uart_fifo.o
    0x000296e0   0x000296e0   0x00000010   Data   RO         4213    .constdata          segger_rtt_printf.o
    0x000296f0   0x000296f0   0x00000007   Data   RO         4438    .constdata          ble_tps.o
    0x000296f7   0x000296f7   0x00000001   PAD
    0x000296f8   0x000296f8   0x00000020   Data   RO         4821    Region$$Table       anon$$obj.o


    Execution Region RW_IRAM1 (Exec base: 0x20002630, Load base: 0x00029718, Size: 0x00003100, Max: 0x0000d9d0, ABSOLUTE, COMPRESSED[0x00000048])

    Exec Addr    Load Addr    Size         Type   Attr      Idx    E Section Name        Object

    0x20002630   COMPRESSED   0x00000051   Data   RW           58    .data               main.o
    0x20002681   COMPRESSED   0x00000001   PAD
    0x20002682   COMPRESSED   0x00000002   Data   RW           62    .data               main.o
    0x20002684   COMPRESSED   0x00000002   Data   RW           63    .data               main.o
    0x20002686   COMPRESSED   0x00000002   Data   RW          620    .data               device.o
    0x20002688   COMPRESSED   0x00000058   Data   RW          868    .data               mpu_sensor.o
    0x200026e0   COMPRESSED   0x00000018   Data   RW         1141    .data               mpu_sensor_dmp.o
    0x200026f8   COMPRESSED   0x0000001f   Data   RW         1426    .data               ble_advertising.o
    0x20002717   COMPRESSED   0x00000001   PAD
    0x20002718   COMPRESSED   0x00000014   Data   RW         1518    .data               ble_conn_params.o
    0x2000272c   COMPRESSED   0x0000000c   Data   RW         2612    .data               nrf_drv_wdt.o
    0x20002738   COMPRESSED   0x00000016   Data   RW         3116    .data               bsp.o
    0x2000274e   COMPRESSED   0x00000002   PAD
    0x20002750   COMPRESSED   0x00000014   Data   RW         3259    .data               app_button.o
    0x20002764   COMPRESSED   0x00000014   Data   RW         3502    .data               app_timer.o
    0x20002778   COMPRESSED   0x00000010   Data   RW         3920    .data               app_uart_fifo.o
    0x20002788   COMPRESSED   0x00000014   Data   RW         4265    .data               softdevice_handler.o
    0x2000279c   COMPRESSED   0x00000001   Data   RW         4439    .data               ble_tps.o
    0x2000279d   COMPRESSED   0x00000006   Data   RW         4493    .data               ble_mts.o
    0x200027a3   COMPRESSED   0x00000001   Data   RW         4494    .data               ble_mts.o
    0x200027a4   COMPRESSED   0x00000001   Data   RW         4495    .data               ble_mts.o
    0x200027a5   COMPRESSED   0x00000001   PAD
    0x200027a6   COMPRESSED   0x00000002   Data   RW         4496    .data               ble_mts.o
    0x200027a8   COMPRESSED   0x00000001   Data   RW         4497    .data               ble_mts.o
    0x200027a9   COMPRESSED   0x00000001   Data   RW         4498    .data               ble_mts.o
    0x200027aa   COMPRESSED   0x00000001   Data   RW         4499    .data               ble_mts.o
    0x200027ab   COMPRESSED   0x00000001   Data   RW         4500    .data               ble_mts.o
    0x200027ac   COMPRESSED   0x00000001   Data   RW         4501    .data               ble_mts.o
    0x200027ad   COMPRESSED   0x00000001   PAD
    0x200027ae   COMPRESSED   0x00000002   Data   RW         4502    .data               ble_mts.o
    0x200027b0   COMPRESSED   0x00000006   Data   RW         4586    .data               ble_cds.o
    0x200027b6   COMPRESSED   0x00000002   PAD
    0x200027b8   COMPRESSED   0x00000004   Data   RW         4711    .data               system_nrf52.o
    0x200027bc   COMPRESSED   0x00000004   Data   RW         4810    .data               mc_w.l(errno.o)
    0x200027c0        -       0x00000020   Zero   RW           53    .bss                main.o
    0x200027e0        -       0x00000020   Zero   RW           54    .bss                main.o
    0x20002800        -       0x00000020   Zero   RW           55    .bss                main.o
    0x20002820        -       0x0000032a   Zero   RW           56    .bss                main.o
    0x20002b4a   COMPRESSED   0x00000002   PAD
    0x20002b4c        -       0x0000016c   Zero   RW          618    .bss                device.o
    0x20002cb8        -       0x0000004a   Zero   RW          864    .bss                mpu_sensor.o
    0x20002d02   COMPRESSED   0x00000002   PAD
    0x20002d04        -       0x00000050   Zero   RW         1139    .bss                mpu_sensor_dmp.o
    0x20002d54        -       0x000000bc   Zero   RW         1425    .bss                ble_advertising.o
    0x20002e10        -       0x00000020   Zero   RW         1515    .bss                ble_conn_params.o
    0x20002e30        -       0x0000001c   Zero   RW         1516    .bss                ble_conn_params.o
    0x20002e4c        -       0x000000b8   Zero   RW         1612    .bss                ble_conn_state.o
    0x20002f04        -       0x00000014   Zero   RW         1900    .bss                nrf_drv_clock.o
    0x20002f18        -       0x00000058   Zero   RW         2145    .bss                nrf_drv_gpiote.o
    0x20002f70        -       0x00000030   Zero   RW         2367    .bss                nrf_drv_saadc.o
    0x20002fa0        -       0x00000024   Zero   RW         2507    .bss                nrf_drv_spi.o
    0x20002fc4        -       0x00000028   Zero   RW         2719    .bss                nrf_drv_twi.o
    0x20002fec        -       0x00000020   Zero   RW         2902    .bss                nrf_drv_uart.o
    0x2000300c        -       0x00000020   Zero   RW         3113    .bss                bsp.o
    0x2000302c        -       0x00000020   Zero   RW         3114    .bss                bsp.o
    0x2000304c        -       0x00000020   Zero   RW         3257    .bss                app_button.o
    0x2000306c        -       0x0000010c   Zero   RW         3501    .bss                app_timer.o
    0x20003178        -       0x0000000c   Zero   RW         3665    .bss                app_util_platform.o
    0x20003184        -       0x00000020   Zero   RW         3918    .bss                app_uart_fifo.o
    0x200031a4        -       0x00000488   Zero   RW         4076    .bss                segger_rtt.o
    0x2000362c        -       0x00000100   Zero   RW         4585    .bss                ble_cds.o
    0x2000372c   COMPRESSED   0x00000004   PAD
    0x20003730        -       0x00002000   Zero   RW         4698    STACK               arm_startup_nrf52.o


==============================================================================

Image component sizes


      Code (inc. data)   RO Data    RW Data    ZI Data      Debug   Object Name

       380         44          8         20         32       4271   app_button.o
        22          0          0          0          0       2013   app_error.o
        36         10          0          0          0      27265   app_error_weak.o
       118          0          0          0          0       3514   app_fifo.o
         0          0          0          0          0      20664   app_gpiote.o
      1634        122          0         20        268      44611   app_timer.o
       452         42         32         16         32       9994   app_uart_fifo.o
       124         14          0          0         12       8806   app_util_platform.o
        36          8        512          0       8192        848   arm_startup_nrf52.o
      1330          0          0          0          0      76256   ble_advdata.o
       800         52          0         31        188      10616   ble_advertising.o
       752         42          0          0          0       5632   ble_advs.o
       620          0          0          0          0       5095   ble_bas.o
      2032        358          0          6        256      14376   ble_cds.o
       436         54          4         20         60       6868   ble_conn_params.o
       268          6          0          0        184       5011   ble_conn_state.o
      1368         92          0         17          0      12603   ble_mts.o
        20          0          0          0          0       1702   ble_srv_common.o
       334         10          7          1          0       4551   ble_tps.o
       188         24          4          0          0       7984   boards.o
       832         74         24         22         64      12804   bsp.o
        56          0          0          0          0       3684   bsp_btn_ble.o
      1486        354         24          2        364      58849   device.o
      6790       1004         57         85        906     212012   main.o
      4990        400        564         88         74      32254   mpu_sensor.o
       832        104       3062         24         80      10569   mpu_sensor_dmp.o
       618          6         22          0          0      30475   nrf_ble_gatt.o
       414         30          0          0         20      11966   nrf_drv_clock.o
        56          0          0          0          0      27459   nrf_drv_common.o
      1434        104          4          0         88      27068   nrf_drv_gpiote.o
      1036         80          4          0         48      18622   nrf_drv_saadc.o
        96          4          0          0         36      11315   nrf_drv_spi.o
      1714         34         12          0         40      28194   nrf_drv_twi.o
      2140         66          0          0         32      36773   nrf_drv_uart.o
        76         24          0         12          0       4984   nrf_drv_wdt.o
       104          4          0          0          0       6193   nrf_saadc.o
       206          0          0          0          0       5318   sdk_mapped_flags.o
       456         40          0          0       1160       8651   segger_rtt.o
       900          6         16          0          0       6181   segger_rtt_printf.o
       516         46          0         20          0      43611   softdevice_handler.o
       852         76          0          4          0       3195   system_nrf52.o

    ----------------------------------------------------------------------
     36610       3334       4396        396      12144     872857   Object Totals
         0          0         32          0          0          0   (incl. Generated)
        56          0          8          8          8          0   (incl. Padding)

    ----------------------------------------------------------------------

      Code (inc. data)   RO Data    RW Data    ZI Data      Debug   Library Member Name

       122          0          0          0          0        148   sqrt.o
        86          0          0          0          0          0   __dczerorl2.o
         0          0          0          0          0          0   entry.o
         0          0          0          0          0          0   entry10a.o
         0          0          0          0          0          0   entry11a.o
         8          4          0          0          0          0   entry2.o
         4          0          0          0          0          0   entry5.o
         0          0          0          0          0          0   entry7b.o
         0          0          0          0          0          0   entry8b.o
         8          4          0          0          0          0   entry9a.o
        12          6          0          4          0         68   errno.o
        30          0          0          0          0          0   handlers.o
        36          8          0          0          0         68   init.o
         0          0          0          0          0          0   iusefp.o
        98          0          0          0          0         84   ldiv.o
        30          0          0          0          0         68   llshl.o
        36          0          0          0          0         68   llsshr.o
        32          0          0          0          0         68   llushr.o
        26          0          0          0          0         80   memcmp.o
        36          0          0          0          0         68   memcpya.o
        36          0          0          0          0        108   memseta.o
        18          0          0          0          0         68   strcpy.o
        14          0          0          0          0         68   strlen.o
        98          0          0          0          0         92   uldiv.o
        48          0          0          0          0         68   cdcmple.o
       334          0          0          0          0        148   dadd.o
       186          0          0          0          0        176   depilogue.o
        50          0          0          0          0         76   dfixui.o
        26          0          0          0          0         76   dfltui.o
       228          0          0          0          0         96   dmul.o
       162          0          0          0          0        100   dsqrt.o

    ----------------------------------------------------------------------
      1770         22          0          4          0       1796   Library Totals
         6          0          0          0          0          0   (incl. Padding)

    ----------------------------------------------------------------------

      Code (inc. data)   RO Data    RW Data    ZI Data      Debug   Library Name

       122          0          0          0          0        148   m_wm.l
       608         22          0          4          0        908   mc_w.l
      1034          0          0          0          0        740   mf_w.l

    ----------------------------------------------------------------------
      1770         22          0          4          0       1796   Library Totals

    ----------------------------------------------------------------------

==============================================================================


      Code (inc. data)   RO Data    RW Data    ZI Data      Debug   

     38380       3356       4396        400      12144     841357   Grand Totals
     38380       3356       4396         72      12144     841357   ELF Image Totals (compressed)
     38380       3356       4396         72          0          0   ROM Totals

==============================================================================

    Total RO  Size (Code + RO Data)                42776 (  41.77kB)
    Total RW  Size (RW Data + ZI Data)             12544 (  12.25kB)
    Total ROM Size (Code + RO Data + RW Data)      42848 (  41.84kB)

==============================================================================

